Archive member included to satisfy reference by file (symbol)

c:/st/stm32cubeide_1.4.0/stm32cubeide/plugins/com.st.stm32cube.ide.mcu.externaltools.gnu-tools-for-stm32.7-2018-q2-update.win32_1.4.0.202007081208/tools/bin/../lib/gcc/arm-none-eabi/7.3.1/../../../../arm-none-eabi/lib/thumb/v7e-m/fpv4-sp/hard\libc_nano.a(lib_a-errno.o)
                              Src/syscalls.o (__errno)
c:/st/stm32cubeide_1.4.0/stm32cubeide/plugins/com.st.stm32cube.ide.mcu.externaltools.gnu-tools-for-stm32.7-2018-q2-update.win32_1.4.0.202007081208/tools/bin/../lib/gcc/arm-none-eabi/7.3.1/../../../../arm-none-eabi/lib/thumb/v7e-m/fpv4-sp/hard\libc_nano.a(lib_a-exit.o)
                              c:/st/stm32cubeide_1.4.0/stm32cubeide/plugins/com.st.stm32cube.ide.mcu.externaltools.gnu-tools-for-stm32.7-2018-q2-update.win32_1.4.0.202007081208/tools/bin/../lib/gcc/arm-none-eabi/7.3.1/../../../../arm-none-eabi/lib/thumb/v7e-m/fpv4-sp/hard/crt0.o (exit)
c:/st/stm32cubeide_1.4.0/stm32cubeide/plugins/com.st.stm32cube.ide.mcu.externaltools.gnu-tools-for-stm32.7-2018-q2-update.win32_1.4.0.202007081208/tools/bin/../lib/gcc/arm-none-eabi/7.3.1/../../../../arm-none-eabi/lib/thumb/v7e-m/fpv4-sp/hard\libc_nano.a(lib_a-impure.o)
                              c:/st/stm32cubeide_1.4.0/stm32cubeide/plugins/com.st.stm32cube.ide.mcu.externaltools.gnu-tools-for-stm32.7-2018-q2-update.win32_1.4.0.202007081208/tools/bin/../lib/gcc/arm-none-eabi/7.3.1/../../../../arm-none-eabi/lib/thumb/v7e-m/fpv4-sp/hard\libc_nano.a(lib_a-exit.o) (_global_impure_ptr)
c:/st/stm32cubeide_1.4.0/stm32cubeide/plugins/com.st.stm32cube.ide.mcu.externaltools.gnu-tools-for-stm32.7-2018-q2-update.win32_1.4.0.202007081208/tools/bin/../lib/gcc/arm-none-eabi/7.3.1/../../../../arm-none-eabi/lib/thumb/v7e-m/fpv4-sp/hard\libc_nano.a(lib_a-init.o)
                              c:/st/stm32cubeide_1.4.0/stm32cubeide/plugins/com.st.stm32cube.ide.mcu.externaltools.gnu-tools-for-stm32.7-2018-q2-update.win32_1.4.0.202007081208/tools/bin/../lib/gcc/arm-none-eabi/7.3.1/../../../../arm-none-eabi/lib/thumb/v7e-m/fpv4-sp/hard/crt0.o (__libc_init_array)
c:/st/stm32cubeide_1.4.0/stm32cubeide/plugins/com.st.stm32cube.ide.mcu.externaltools.gnu-tools-for-stm32.7-2018-q2-update.win32_1.4.0.202007081208/tools/bin/../lib/gcc/arm-none-eabi/7.3.1/../../../../arm-none-eabi/lib/thumb/v7e-m/fpv4-sp/hard\libc_nano.a(lib_a-memcpy-stub.o)
                              Middlewares/Third_Party/FreeRTOS/Source/queue.o (memcpy)
c:/st/stm32cubeide_1.4.0/stm32cubeide/plugins/com.st.stm32cube.ide.mcu.externaltools.gnu-tools-for-stm32.7-2018-q2-update.win32_1.4.0.202007081208/tools/bin/../lib/gcc/arm-none-eabi/7.3.1/../../../../arm-none-eabi/lib/thumb/v7e-m/fpv4-sp/hard\libc_nano.a(lib_a-memset.o)
                              c:/st/stm32cubeide_1.4.0/stm32cubeide/plugins/com.st.stm32cube.ide.mcu.externaltools.gnu-tools-for-stm32.7-2018-q2-update.win32_1.4.0.202007081208/tools/bin/../lib/gcc/arm-none-eabi/7.3.1/../../../../arm-none-eabi/lib/thumb/v7e-m/fpv4-sp/hard/crt0.o (memset)
c:/st/stm32cubeide_1.4.0/stm32cubeide/plugins/com.st.stm32cube.ide.mcu.externaltools.gnu-tools-for-stm32.7-2018-q2-update.win32_1.4.0.202007081208/tools/bin/../lib/gcc/arm-none-eabi/7.3.1/../../../../arm-none-eabi/lib/thumb/v7e-m/fpv4-sp/hard\libc_nano.a(lib_a-strlen.o)
                              Src/main.o (strlen)
c:/st/stm32cubeide_1.4.0/stm32cubeide/plugins/com.st.stm32cube.ide.mcu.externaltools.gnu-tools-for-stm32.7-2018-q2-update.win32_1.4.0.202007081208/tools/bin/../lib/gcc/arm-none-eabi/7.3.1/thumb/v7e-m/fpv4-sp/hard\libgcc.a(_aeabi_uldivmod.o)
                              Drivers/STM32L4xx_HAL_Driver/Src/stm32l4xx_hal_uart.o (__aeabi_uldivmod)
c:/st/stm32cubeide_1.4.0/stm32cubeide/plugins/com.st.stm32cube.ide.mcu.externaltools.gnu-tools-for-stm32.7-2018-q2-update.win32_1.4.0.202007081208/tools/bin/../lib/gcc/arm-none-eabi/7.3.1/thumb/v7e-m/fpv4-sp/hard\libgcc.a(_udivmoddi4.o)
                              c:/st/stm32cubeide_1.4.0/stm32cubeide/plugins/com.st.stm32cube.ide.mcu.externaltools.gnu-tools-for-stm32.7-2018-q2-update.win32_1.4.0.202007081208/tools/bin/../lib/gcc/arm-none-eabi/7.3.1/thumb/v7e-m/fpv4-sp/hard\libgcc.a(_aeabi_uldivmod.o) (__udivmoddi4)
c:/st/stm32cubeide_1.4.0/stm32cubeide/plugins/com.st.stm32cube.ide.mcu.externaltools.gnu-tools-for-stm32.7-2018-q2-update.win32_1.4.0.202007081208/tools/bin/../lib/gcc/arm-none-eabi/7.3.1/thumb/v7e-m/fpv4-sp/hard\libgcc.a(_dvmd_tls.o)
                              c:/st/stm32cubeide_1.4.0/stm32cubeide/plugins/com.st.stm32cube.ide.mcu.externaltools.gnu-tools-for-stm32.7-2018-q2-update.win32_1.4.0.202007081208/tools/bin/../lib/gcc/arm-none-eabi/7.3.1/thumb/v7e-m/fpv4-sp/hard\libgcc.a(_aeabi_uldivmod.o) (__aeabi_ldiv0)

Allocating common symbols
Common symbol       size              file

datareadingTaskHandle
                    0x4               Src/main.o
hDiscoUart          0x80              Drivers/BSP/B-L475E-IOT01/stm32l475e_iot01.o
[...]
Memory Configuration

Name             Origin             Length             Attributes
RAM              0x0000000020000000 0x0000000000018000 xrw
RAM2             0x0000000010000000 0x0000000000008000 xrw
FLASH            0x0000000008000000 0x0000000000100000 xr
*default*        0x0000000000000000 0xffffffffffffffff

Linker script and memory map

LOAD c:/st/stm32cubeide_1.4.0/stm32cubeide/plugins/com.st.stm32cube.ide.mcu.externaltools.gnu-tools-for-stm32.7-2018-q2-update.win32_1.4.0.202007081208/tools/bin/../lib/gcc/arm-none-eabi/7.3.1/thumb/v7e-m/fpv4-sp/hard/crti.o
LOAD c:/st/stm32cubeide_1.4.0/stm32cubeide/plugins/com.st.stm32cube.ide.mcu.externaltools.gnu-tools-for-stm32.7-2018-q2-update.win32_1.4.0.202007081208/tools/bin/../lib/gcc/arm-none-eabi/7.3.1/thumb/v7e-m/fpv4-sp/hard/crtbegin.o
LOAD c:/st/stm32cubeide_1.4.0/stm32cubeide/plugins/com.st.stm32cube.ide.mcu.externaltools.gnu-tools-for-stm32.7-2018-q2-update.win32_1.4.0.202007081208/tools/bin/../lib/gcc/arm-none-eabi/7.3.1/../../../../arm-none-eabi/lib/thumb/v7e-m/fpv4-sp/hard/crt0.o
LOAD Drivers/BSP/B-L475E-IOT01/stm32l475e_iot01.o
LOAD Drivers/BSP/B-L475E-IOT01/stm32l475e_iot01_accelero.o
LOAD Drivers/BSP/B-L475E-IOT01/stm32l475e_iot01_hsensor.o
LOAD Drivers/BSP/B-L475E-IOT01/stm32l475e_iot01_magneto.o
LOAD Drivers/BSP/B-L475E-IOT01/stm32l475e_iot01_psensor.o
LOAD Drivers/BSP/B-L475E-IOT01/stm32l475e_iot01_qspi.o
LOAD Drivers/BSP/Components/hts221/hts221.o
LOAD Drivers/BSP/Components/lis3mdl/lis3mdl.o
LOAD Drivers/BSP/Components/lps22hb/lps22hb.o
LOAD Drivers/BSP/Components/lsm6dsl/lsm6dsl.o
LOAD Drivers/STM32L4xx_HAL_Driver/Src/stm32l4xx_hal.o
LOAD Drivers/STM32L4xx_HAL_Driver/Src/stm32l4xx_hal_cortex.o
LOAD Drivers/STM32L4xx_HAL_Driver/Src/stm32l4xx_hal_dac.o
LOAD Drivers/STM32L4xx_HAL_Driver/Src/stm32l4xx_hal_dac_ex.o
LOAD Drivers/STM32L4xx_HAL_Driver/Src/stm32l4xx_hal_dma.o
LOAD Drivers/STM32L4xx_HAL_Driver/Src/stm32l4xx_hal_dma_ex.o
LOAD Drivers/STM32L4xx_HAL_Driver/Src/stm32l4xx_hal_exti.o
LOAD Drivers/STM32L4xx_HAL_Driver/Src/stm32l4xx_hal_flash.o
LOAD Drivers/STM32L4xx_HAL_Driver/Src/stm32l4xx_hal_flash_ex.o
LOAD Drivers/STM32L4xx_HAL_Driver/Src/stm32l4xx_hal_flash_ramfunc.o
LOAD Drivers/STM32L4xx_HAL_Driver/Src/stm32l4xx_hal_gpio.o
LOAD Drivers/STM32L4xx_HAL_Driver/Src/stm32l4xx_hal_i2c.o
LOAD Drivers/STM32L4xx_HAL_Driver/Src/stm32l4xx_hal_i2c_ex.o
LOAD Drivers/STM32L4xx_HAL_Driver/Src/stm32l4xx_hal_pwr.o
LOAD Drivers/STM32L4xx_HAL_Driver/Src/stm32l4xx_hal_pwr_ex.o
LOAD Drivers/STM32L4xx_HAL_Driver/Src/stm32l4xx_hal_qspi.o
LOAD Drivers/STM32L4xx_HAL_Driver/Src/stm32l4xx_hal_rcc.o
LOAD Drivers/STM32L4xx_HAL_Driver/Src/stm32l4xx_hal_rcc_ex.o
LOAD Drivers/STM32L4xx_HAL_Driver/Src/stm32l4xx_hal_tim.o
LOAD Drivers/STM32L4xx_HAL_Driver/Src/stm32l4xx_hal_tim_ex.o
LOAD Drivers/STM32L4xx_HAL_Driver/Src/stm32l4xx_hal_uart.o
LOAD Drivers/STM32L4xx_HAL_Driver/Src/stm32l4xx_hal_uart_ex.o
LOAD Middlewares/Third_Party/FreeRTOS/Source/CMSIS_RTOS/cmsis_os.o
LOAD Middlewares/Third_Party/FreeRTOS/Source/croutine.o
LOAD Middlewares/Third_Party/FreeRTOS/Source/event_groups.o
LOAD Middlewares/Third_Party/FreeRTOS/Source/list.o
LOAD Middlewares/Third_Party/FreeRTOS/Source/queue.o
LOAD Middlewares/Third_Party/FreeRTOS/Source/stream_buffer.o
LOAD Middlewares/Third_Party/FreeRTOS/Source/tasks.o
LOAD Middlewares/Third_Party/FreeRTOS/Source/timers.o
LOAD Middlewares/Third_Party/FreeRTOS/Source/portable/GCC/ARM_CM4F/port.o
LOAD Middlewares/Third_Party/FreeRTOS/Source/portable/MemMang/heap_4.o
LOAD Src/freertos.o
LOAD Src/main.o
LOAD Src/stm32l4xx_hal_msp.o
LOAD Src/stm32l4xx_hal_timebase_tim.o
LOAD Src/stm32l4xx_it.o
LOAD Src/syscalls.o
LOAD Src/sysmem.o
LOAD Src/system_stm32l4xx.o
LOAD Startup/startup_stm32l475vgtx.o
LOAD ../Lib\libarm_cortexM4lf_math.a
START GROUP
LOAD c:/st/stm32cubeide_1.4.0/stm32cubeide/plugins/com.st.stm32cube.ide.mcu.externaltools.gnu-tools-for-stm32.7-2018-q2-update.win32_1.4.0.202007081208/tools/bin/../lib/gcc/arm-none-eabi/7.3.1/../../../../arm-none-eabi/lib/thumb/v7e-m/fpv4-sp/hard\libc_nano.a
LOAD c:/st/stm32cubeide_1.4.0/stm32cubeide/plugins/com.st.stm32cube.ide.mcu.externaltools.gnu-tools-for-stm32.7-2018-q2-update.win32_1.4.0.202007081208/tools/bin/../lib/gcc/arm-none-eabi/7.3.1/../../../../arm-none-eabi/lib/thumb/v7e-m/fpv4-sp/hard\libm.a
END GROUP
START GROUP
LOAD c:/st/stm32cubeide_1.4.0/stm32cubeide/plugins/com.st.stm32cube.ide.mcu.externaltools.gnu-tools-for-stm32.7-2018-q2-update.win32_1.4.0.202007081208/tools/bin/../lib/gcc/arm-none-eabi/7.3.1/thumb/v7e-m/fpv4-sp/hard\libgcc.a
LOAD c:/st/stm32cubeide_1.4.0/stm32cubeide/plugins/com.st.stm32cube.ide.mcu.externaltools.gnu-tools-for-stm32.7-2018-q2-update.win32_1.4.0.202007081208/tools/bin/../lib/gcc/arm-none-eabi/7.3.1/../../../../arm-none-eabi/lib/thumb/v7e-m/fpv4-sp/hard\libc_nano.a
END GROUP
START GROUP
LOAD c:/st/stm32cubeide_1.4.0/stm32cubeide/plugins/com.st.stm32cube.ide.mcu.externaltools.gnu-tools-for-stm32.7-2018-q2-update.win32_1.4.0.202007081208/tools/bin/../lib/gcc/arm-none-eabi/7.3.1/thumb/v7e-m/fpv4-sp/hard\libgcc.a
LOAD c:/st/stm32cubeide_1.4.0/stm32cubeide/plugins/com.st.stm32cube.ide.mcu.externaltools.gnu-tools-for-stm32.7-2018-q2-update.win32_1.4.0.202007081208/tools/bin/../lib/gcc/arm-none-eabi/7.3.1/../../../../arm-none-eabi/lib/thumb/v7e-m/fpv4-sp/hard\libc_nano.a
LOAD c:/st/stm32cubeide_1.4.0/stm32cubeide/plugins/com.st.stm32cube.ide.mcu.externaltools.gnu-tools-for-stm32.7-2018-q2-update.win32_1.4.0.202007081208/tools/bin/../lib/gcc/arm-none-eabi/7.3.1/../../../../arm-none-eabi/lib/thumb/v7e-m/fpv4-sp/hard\libnosys.a
END GROUP
START GROUP
LOAD c:/st/stm32cubeide_1.4.0/stm32cubeide/plugins/com.st.stm32cube.ide.mcu.externaltools.gnu-tools-for-stm32.7-2018-q2-update.win32_1.4.0.202007081208/tools/bin/../lib/gcc/arm-none-eabi/7.3.1/thumb/v7e-m/fpv4-sp/hard\libgcc.a
LOAD c:/st/stm32cubeide_1.4.0/stm32cubeide/plugins/com.st.stm32cube.ide.mcu.externaltools.gnu-tools-for-stm32.7-2018-q2-update.win32_1.4.0.202007081208/tools/bin/../lib/gcc/arm-none-eabi/7.3.1/../../../../arm-none-eabi/lib/thumb/v7e-m/fpv4-sp/hard\libc_nano.a
LOAD c:/st/stm32cubeide_1.4.0/stm32cubeide/plugins/com.st.stm32cube.ide.mcu.externaltools.gnu-tools-for-stm32.7-2018-q2-update.win32_1.4.0.202007081208/tools/bin/../lib/gcc/arm-none-eabi/7.3.1/../../../../arm-none-eabi/lib/thumb/v7e-m/fpv4-sp/hard\libnosys.a
END GROUP
LOAD c:/st/stm32cubeide_1.4.0/stm32cubeide/plugins/com.st.stm32cube.ide.mcu.externaltools.gnu-tools-for-stm32.7-2018-q2-update.win32_1.4.0.202007081208/tools/bin/../lib/gcc/arm-none-eabi/7.3.1/thumb/v7e-m/fpv4-sp/hard/crtend.o
LOAD c:/st/stm32cubeide_1.4.0/stm32cubeide/plugins/com.st.stm32cube.ide.mcu.externaltools.gnu-tools-for-stm32.7-2018-q2-update.win32_1.4.0.202007081208/tools/bin/../lib/gcc/arm-none-eabi/7.3.1/thumb/v7e-m/fpv4-sp/hard/crtn.o
                0x0000000020018000                _estack = (ORIGIN (RAM) + LENGTH (RAM))
                0x0000000000000200                _Min_Heap_Size = 0x200
                0x0000000000000400                _Min_Stack_Size = 0x400

.isr_vector     0x0000000008000000      0x188
                0x0000000008000000                . = ALIGN (0x4)
 *(.isr_vector)
 .isr_vector    0x0000000008000000      0x188 Startup/startup_stm32l475vgtx.o
                0x0000000008000000                g_pfnVectors
                0x0000000008000188                . = ALIGN (0x4)

.text           0x0000000008000190     0x7084
                0x0000000008000190                . = ALIGN (0x4)
 *(.text)
 .text          0x0000000008000190       0x40 c:/st/stm32cubeide_1.4.0/stm32cubeide/plugins/com.st.stm32cube.ide.mcu.externaltools.gnu-tools-for-stm32.7-2018-q2-update.win32_1.4.0.202007081208/tools/bin/../lib/gcc/arm-none-eabi/7.3.1/thumb/v7e-m/fpv4-sp/hard/crtbegin.o
 .text          0x00000000080001d0       0x10 c:/st/stm32cubeide_1.4.0/stm32cubeide/plugins/com.st.stm32cube.ide.mcu.externaltools.gnu-tools-for-stm32.7-2018-q2-update.win32_1.4.0.202007081208/tools/bin/../lib/gcc/arm-none-eabi/7.3.1/../../../../arm-none-eabi/lib/thumb/v7e-m/fpv4-sp/hard\libc_nano.a(lib_a-strlen.o)
                0x00000000080001d0                strlen
 .text          0x00000000080001e0       0x30 c:/st/stm32cubeide_1.4.0/stm32cubeide/plugins/com.st.stm32cube.ide.mcu.externaltools.gnu-tools-for-stm32.7-2018-q2-update.win32_1.4.0.202007081208/tools/bin/../lib/gcc/arm-none-eabi/7.3.1/thumb/v7e-m/fpv4-sp/hard\libgcc.a(_aeabi_uldivmod.o)
                0x00000000080001e0                __aeabi_uldivmod
 .text          0x0000000008000210      0x2cc c:/st/stm32cubeide_1.4.0/stm32cubeide/plugins/com.st.stm32cube.ide.mcu.externaltools.gnu-tools-for-stm32.7-2018-q2-update.win32_1.4.0.202007081208/tools/bin/../lib/gcc/arm-none-eabi/7.3.1/thumb/v7e-m/fpv4-sp/hard\libgcc.a(_udivmoddi4.o)
                0x0000000008000210                __udivmoddi4
 .text          0x00000000080004dc        0x4 c:/st/stm32cubeide_1.4.0/stm32cubeide/plugins/com.st.stm32cube.ide.mcu.externaltools.gnu-tools-for-stm32.7-2018-q2-update.win32_1.4.0.202007081208/tools/bin/../lib/gcc/arm-none-eabi/7.3.1/thumb/v7e-m/fpv4-sp/hard\libgcc.a(_dvmd_tls.o)
                0x00000000080004dc                __aeabi_idiv0
                0x00000000080004dc                __aeabi_ldiv0
 *(.text*)
 .text.I2Cx_MspInit
                0x00000000080004e0       0xb0 Drivers/BSP/B-L475E-IOT01/stm32l475e_iot01.o
 .text.I2Cx_Init
                0x0000000008000590       0x5c Drivers/BSP/B-L475E-IOT01/stm32l475e_iot01.o
 .text.I2Cx_ReadMultiple
                0x00000000080005ec       0x5a Drivers/BSP/B-L475E-IOT01/stm32l475e_iot01.o
 .text.I2Cx_WriteMultiple
                0x0000000008000646       0x5a Drivers/BSP/B-L475E-IOT01/stm32l475e_iot01.o
 .text.I2Cx_Error
                0x00000000080006a0       0x20 Drivers/BSP/B-L475E-IOT01/stm32l475e_iot01.o
 .text.SENSOR_IO_Init
                0x00000000080006c0       0x14 Drivers/BSP/B-L475E-IOT01/stm32l475e_iot01.o
                0x00000000080006c0                SENSOR_IO_Init
 .text.SENSOR_IO_Write
                0x00000000080006d4       0x34 Drivers/BSP/B-L475E-IOT01/stm32l475e_iot01.o
                0x00000000080006d4                SENSOR_IO_Write
 .text.SENSOR_IO_Read
                0x0000000008000708       0x3c Drivers/BSP/B-L475E-IOT01/stm32l475e_iot01.o
                0x0000000008000708                SENSOR_IO_Read
 .text.SENSOR_IO_ReadMultiple
                0x0000000008000744       0x3c Drivers/BSP/B-L475E-IOT01/stm32l475e_iot01.o
                0x0000000008000744                SENSOR_IO_ReadMultiple
 .text.BSP_ACCELERO_Init
                0x0000000008000780       0x7c Drivers/BSP/B-L475E-IOT01/stm32l475e_iot01_accelero.o
                0x0000000008000780                BSP_ACCELERO_Init
 .text.BSP_ACCELERO_AccGetXYZ
                0x00000000080007fc       0x30 Drivers/BSP/B-L475E-IOT01/stm32l475e_iot01_accelero.o
                0x00000000080007fc                BSP_ACCELERO_AccGetXYZ
 .text.LSM6DSL_AccInit
                0x000000000800082c       0x72 Drivers/BSP/Components/lsm6dsl/lsm6dsl.o
                0x000000000800082c                LSM6DSL_AccInit
 .text.LSM6DSL_AccDeInit
                0x000000000800089e       0x32 Drivers/BSP/Components/lsm6dsl/lsm6dsl.o
                0x000000000800089e                LSM6DSL_AccDeInit
 .text.LSM6DSL_AccReadID
                0x00000000080008d0       0x16 Drivers/BSP/Components/lsm6dsl/lsm6dsl.o
                0x00000000080008d0                LSM6DSL_AccReadID
 .text.LSM6DSL_AccLowPower
                0x00000000080008e6       0x44 Drivers/BSP/Components/lsm6dsl/lsm6dsl.o
                0x00000000080008e6                LSM6DSL_AccLowPower
 *fill*         0x000000000800092a        0x2 
 .text.LSM6DSL_AccReadXYZ
                0x000000000800092c      0x134 Drivers/BSP/Components/lsm6dsl/lsm6dsl.o
                0x000000000800092c                LSM6DSL_AccReadXYZ
 .text.HAL_Init
                0x0000000008000a60       0x30 Drivers/STM32L4xx_HAL_Driver/Src/stm32l4xx_hal.o
                0x0000000008000a60                HAL_Init
 .text.HAL_IncTick
                0x0000000008000a90       0x28 Drivers/STM32L4xx_HAL_Driver/Src/stm32l4xx_hal.o
                0x0000000008000a90                HAL_IncTick
 .text.HAL_GetTick
                0x0000000008000ab8       0x18 Drivers/STM32L4xx_HAL_Driver/Src/stm32l4xx_hal.o
                0x0000000008000ab8                HAL_GetTick
 .text.HAL_Delay
                0x0000000008000ad0       0x44 Drivers/STM32L4xx_HAL_Driver/Src/stm32l4xx_hal.o
                0x0000000008000ad0                HAL_Delay
 .text.__NVIC_SetPriorityGrouping
                0x0000000008000b14       0x48 Drivers/STM32L4xx_HAL_Driver/Src/stm32l4xx_hal_cortex.o
 .text.__NVIC_GetPriorityGrouping
                0x0000000008000b5c       0x1c Drivers/STM32L4xx_HAL_Driver/Src/stm32l4xx_hal_cortex.o
 .text.__NVIC_EnableIRQ
                0x0000000008000b78       0x3c Drivers/STM32L4xx_HAL_Driver/Src/stm32l4xx_hal_cortex.o
 .text.__NVIC_SetPriority
                0x0000000008000bb4       0x54 Drivers/STM32L4xx_HAL_Driver/Src/stm32l4xx_hal_cortex.o
 .text.NVIC_EncodePriority
                0x0000000008000c08       0x66 Drivers/STM32L4xx_HAL_Driver/Src/stm32l4xx_hal_cortex.o
 .text.HAL_NVIC_SetPriorityGrouping
                0x0000000008000c6e       0x16 Drivers/STM32L4xx_HAL_Driver/Src/stm32l4xx_hal_cortex.o
                0x0000000008000c6e                HAL_NVIC_SetPriorityGrouping
 .text.HAL_NVIC_SetPriority
                0x0000000008000c84       0x38 Drivers/STM32L4xx_HAL_Driver/Src/stm32l4xx_hal_cortex.o
                0x0000000008000c84                HAL_NVIC_SetPriority
 .text.HAL_NVIC_EnableIRQ
                0x0000000008000cbc       0x1c Drivers/STM32L4xx_HAL_Driver/Src/stm32l4xx_hal_cortex.o
                0x0000000008000cbc                HAL_NVIC_EnableIRQ
 .text.HAL_DAC_Init
                0x0000000008000cd8       0x44 Drivers/STM32L4xx_HAL_Driver/Src/stm32l4xx_hal_dac.o
                0x0000000008000cd8                HAL_DAC_Init
 .text.HAL_DAC_IRQHandler
                0x0000000008000d1c       0xb4 Drivers/STM32L4xx_HAL_Driver/Src/stm32l4xx_hal_dac.o
                0x0000000008000d1c                HAL_DAC_IRQHandler
 .text.HAL_DAC_DMAUnderrunCallbackCh1
                0x0000000008000dd0       0x14 Drivers/STM32L4xx_HAL_Driver/Src/stm32l4xx_hal_dac.o
                0x0000000008000dd0                HAL_DAC_DMAUnderrunCallbackCh1
 .text.HAL_DAC_ConfigChannel
                0x0000000008000de4      0x234 Drivers/STM32L4xx_HAL_Driver/Src/stm32l4xx_hal_dac.o
                0x0000000008000de4                HAL_DAC_ConfigChannel
 .text.HAL_DACEx_DMAUnderrunCallbackCh2
                0x0000000008001018       0x14 Drivers/STM32L4xx_HAL_Driver/Src/stm32l4xx_hal_dac_ex.o
                0x0000000008001018                HAL_DACEx_DMAUnderrunCallbackCh2
 .text.HAL_DMA_Init
                0x000000000800102c      0x170 Drivers/STM32L4xx_HAL_Driver/Src/stm32l4xx_hal_dma.o
                0x000000000800102c                HAL_DMA_Init
 .text.HAL_DMA_IRQHandler
                0x000000000800119c      0x15e Drivers/STM32L4xx_HAL_Driver/Src/stm32l4xx_hal_dma.o
                0x000000000800119c                HAL_DMA_IRQHandler
 *fill*         0x00000000080012fa        0x2 
 .text.HAL_GPIO_Init
                0x00000000080012fc      0x350 Drivers/STM32L4xx_HAL_Driver/Src/stm32l4xx_hal_gpio.o
                0x00000000080012fc                HAL_GPIO_Init
 .text.HAL_GPIO_DeInit
                0x000000000800164c      0x1e8 Drivers/STM32L4xx_HAL_Driver/Src/stm32l4xx_hal_gpio.o
                0x000000000800164c                HAL_GPIO_DeInit
 .text.HAL_GPIO_WritePin
                0x0000000008001834       0x30 Drivers/STM32L4xx_HAL_Driver/Src/stm32l4xx_hal_gpio.o
                0x0000000008001834                HAL_GPIO_WritePin
 .text.HAL_GPIO_TogglePin
                0x0000000008001864       0x34 Drivers/STM32L4xx_HAL_Driver/Src/stm32l4xx_hal_gpio.o
                0x0000000008001864                HAL_GPIO_TogglePin
 .text.HAL_GPIO_EXTI_IRQHandler
                0x0000000008001898       0x30 Drivers/STM32L4xx_HAL_Driver/Src/stm32l4xx_hal_gpio.o
                0x0000000008001898                HAL_GPIO_EXTI_IRQHandler
 .text.HAL_I2C_Init
                0x00000000080018c8      0x11e Drivers/STM32L4xx_HAL_Driver/Src/stm32l4xx_hal_i2c.o
                0x00000000080018c8                HAL_I2C_Init
 .text.HAL_I2C_DeInit
                0x00000000080019e6       0x5e Drivers/STM32L4xx_HAL_Driver/Src/stm32l4xx_hal_i2c.o
                0x00000000080019e6                HAL_I2C_DeInit
 .text.HAL_I2C_Mem_Write
                0x0000000008001a44      0x228 Drivers/STM32L4xx_HAL_Driver/Src/stm32l4xx_hal_i2c.o
                0x0000000008001a44                HAL_I2C_Mem_Write
 .text.HAL_I2C_Mem_Read
                0x0000000008001c6c      0x234 Drivers/STM32L4xx_HAL_Driver/Src/stm32l4xx_hal_i2c.o
                0x0000000008001c6c                HAL_I2C_Mem_Read
 .text.I2C_RequestMemoryWrite
                0x0000000008001ea0       0xa8 Drivers/STM32L4xx_HAL_Driver/Src/stm32l4xx_hal_i2c.o
 .text.I2C_RequestMemoryRead
                0x0000000008001f48       0xa8 Drivers/STM32L4xx_HAL_Driver/Src/stm32l4xx_hal_i2c.o
 .text.I2C_Flush_TXDR
                0x0000000008001ff0       0x48 Drivers/STM32L4xx_HAL_Driver/Src/stm32l4xx_hal_i2c.o
 .text.I2C_WaitOnFlagUntilTimeout
                0x0000000008002038       0x80 Drivers/STM32L4xx_HAL_Driver/Src/stm32l4xx_hal_i2c.o
 .text.I2C_WaitOnTXISFlagUntilTimeout
                0x00000000080020b8       0x80 Drivers/STM32L4xx_HAL_Driver/Src/stm32l4xx_hal_i2c.o
 .text.I2C_WaitOnSTOPFlagUntilTimeout
                0x0000000008002138       0x78 Drivers/STM32L4xx_HAL_Driver/Src/stm32l4xx_hal_i2c.o
 .text.I2C_IsAcknowledgeFailed
                0x00000000080021b0       0xcc Drivers/STM32L4xx_HAL_Driver/Src/stm32l4xx_hal_i2c.o
 .text.I2C_TransferConfig
                0x000000000800227c       0x5c Drivers/STM32L4xx_HAL_Driver/Src/stm32l4xx_hal_i2c.o
 .text.HAL_I2CEx_ConfigAnalogFilter
                0x00000000080022d8       0x96 Drivers/STM32L4xx_HAL_Driver/Src/stm32l4xx_hal_i2c_ex.o
                0x00000000080022d8                HAL_I2CEx_ConfigAnalogFilter
 .text.HAL_I2CEx_ConfigDigitalFilter
                0x000000000800236e       0x98 Drivers/STM32L4xx_HAL_Driver/Src/stm32l4xx_hal_i2c_ex.o
                0x000000000800236e                HAL_I2CEx_ConfigDigitalFilter
 *fill*         0x0000000008002406        0x2 
 .text.HAL_PWREx_GetVoltageRange
                0x0000000008002408       0x1c Drivers/STM32L4xx_HAL_Driver/Src/stm32l4xx_hal_pwr_ex.o
                0x0000000008002408                HAL_PWREx_GetVoltageRange
 .text.HAL_PWREx_ControlVoltageScaling
                0x0000000008002424       0xac Drivers/STM32L4xx_HAL_Driver/Src/stm32l4xx_hal_pwr_ex.o
                0x0000000008002424                HAL_PWREx_ControlVoltageScaling
 .text.HAL_QSPI_Init
                0x00000000080024d0       0xec Drivers/STM32L4xx_HAL_Driver/Src/stm32l4xx_hal_qspi.o
                0x00000000080024d0                HAL_QSPI_Init
 .text.HAL_QSPI_SetTimeout
                0x00000000080025bc       0x1c Drivers/STM32L4xx_HAL_Driver/Src/stm32l4xx_hal_qspi.o
                0x00000000080025bc                HAL_QSPI_SetTimeout
 .text.QSPI_WaitFlagStateUntilTimeout
                0x00000000080025d8       0x6e Drivers/STM32L4xx_HAL_Driver/Src/stm32l4xx_hal_qspi.o
 *fill*         0x0000000008002646        0x2 
 .text.HAL_RCC_OscConfig
                0x0000000008002648      0x7cc Drivers/STM32L4xx_HAL_Driver/Src/stm32l4xx_hal_rcc.o
                0x0000000008002648                HAL_RCC_OscConfig
 .text.HAL_RCC_ClockConfig
                0x0000000008002e14      0x1c4 Drivers/STM32L4xx_HAL_Driver/Src/stm32l4xx_hal_rcc.o
                0x0000000008002e14                HAL_RCC_ClockConfig
 .text.HAL_RCC_GetSysClockFreq
                0x0000000008002fd8      0x114 Drivers/STM32L4xx_HAL_Driver/Src/stm32l4xx_hal_rcc.o
                0x0000000008002fd8                HAL_RCC_GetSysClockFreq
 .text.HAL_RCC_GetHCLKFreq
                0x00000000080030ec       0x18 Drivers/STM32L4xx_HAL_Driver/Src/stm32l4xx_hal_rcc.o
                0x00000000080030ec                HAL_RCC_GetHCLKFreq
 .text.HAL_RCC_GetPCLK1Freq
                0x0000000008003104       0x2c Drivers/STM32L4xx_HAL_Driver/Src/stm32l4xx_hal_rcc.o
                0x0000000008003104                HAL_RCC_GetPCLK1Freq
 .text.HAL_RCC_GetPCLK2Freq
                0x0000000008003130       0x2c Drivers/STM32L4xx_HAL_Driver/Src/stm32l4xx_hal_rcc.o
                0x0000000008003130                HAL_RCC_GetPCLK2Freq
 .text.HAL_RCC_GetClockConfig
                0x000000000800315c       0x64 Drivers/STM32L4xx_HAL_Driver/Src/stm32l4xx_hal_rcc.o
                0x000000000800315c                HAL_RCC_GetClockConfig
 .text.RCC_SetFlashLatencyFromMSIRange
                0x00000000080031c0       0xc0 Drivers/STM32L4xx_HAL_Driver/Src/stm32l4xx_hal_rcc.o
 .text.HAL_RCCEx_PeriphCLKConfig
                0x0000000008003280      0x5cc Drivers/STM32L4xx_HAL_Driver/Src/stm32l4xx_hal_rcc_ex.o
                0x0000000008003280                HAL_RCCEx_PeriphCLKConfig
 .text.RCCEx_PLLSAI1_Config
                0x000000000800384c      0x1e0 Drivers/STM32L4xx_HAL_Driver/Src/stm32l4xx_hal_rcc_ex.o
 .text.RCCEx_PLLSAI2_Config
                0x0000000008003a2c      0x1b4 Drivers/STM32L4xx_HAL_Driver/Src/stm32l4xx_hal_rcc_ex.o
 .text.HAL_TIM_Base_Init
                0x0000000008003be0       0xae Drivers/STM32L4xx_HAL_Driver/Src/stm32l4xx_hal_tim.o
                0x0000000008003be0                HAL_TIM_Base_Init
 *fill*         0x0000000008003c8e        0x2 
 .text.HAL_TIM_Base_Start_IT
                0x0000000008003c90       0xe0 Drivers/STM32L4xx_HAL_Driver/Src/stm32l4xx_hal_tim.o
                0x0000000008003c90                HAL_TIM_Base_Start_IT
 .text.HAL_TIM_IRQHandler
                0x0000000008003d70      0x23e Drivers/STM32L4xx_HAL_Driver/Src/stm32l4xx_hal_tim.o
                0x0000000008003d70                HAL_TIM_IRQHandler
 .text.HAL_TIM_ConfigClockSource
                0x0000000008003fae      0x172 Drivers/STM32L4xx_HAL_Driver/Src/stm32l4xx_hal_tim.o
                0x0000000008003fae                HAL_TIM_ConfigClockSource
 .text.HAL_TIM_OC_DelayElapsedCallback
                0x0000000008004120       0x14 Drivers/STM32L4xx_HAL_Driver/Src/stm32l4xx_hal_tim.o
                0x0000000008004120                HAL_TIM_OC_DelayElapsedCallback
 .text.HAL_TIM_IC_CaptureCallback
                0x0000000008004134       0x14 Drivers/STM32L4xx_HAL_Driver/Src/stm32l4xx_hal_tim.o
                0x0000000008004134                HAL_TIM_IC_CaptureCallback
 .text.HAL_TIM_PWM_PulseFinishedCallback
                0x0000000008004148       0x14 Drivers/STM32L4xx_HAL_Driver/Src/stm32l4xx_hal_tim.o
                0x0000000008004148                HAL_TIM_PWM_PulseFinishedCallback
 .text.HAL_TIM_TriggerCallback
                0x000000000800415c       0x14 Drivers/STM32L4xx_HAL_Driver/Src/stm32l4xx_hal_tim.o
                0x000000000800415c                HAL_TIM_TriggerCallback
 .text.TIM_Base_SetConfig
                0x0000000008004170      0x134 Drivers/STM32L4xx_HAL_Driver/Src/stm32l4xx_hal_tim.o
                0x0000000008004170                TIM_Base_SetConfig
 .text.TIM_TI1_ConfigInputStage
                0x00000000080042a4       0x5e Drivers/STM32L4xx_HAL_Driver/Src/stm32l4xx_hal_tim.o
 .text.TIM_TI2_ConfigInputStage
                0x0000000008004302       0x60 Drivers/STM32L4xx_HAL_Driver/Src/stm32l4xx_hal_tim.o
 .text.TIM_ITRx_SetConfig
                0x0000000008004362       0x36 Drivers/STM32L4xx_HAL_Driver/Src/stm32l4xx_hal_tim.o
 .text.TIM_ETR_SetConfig
                0x0000000008004398       0x40 Drivers/STM32L4xx_HAL_Driver/Src/stm32l4xx_hal_tim.o
                0x0000000008004398                TIM_ETR_SetConfig
 .text.HAL_TIMEx_MasterConfigSynchronization
                0x00000000080043d8      0x110 Drivers/STM32L4xx_HAL_Driver/Src/stm32l4xx_hal_tim_ex.o
                0x00000000080043d8                HAL_TIMEx_MasterConfigSynchronization
 .text.HAL_TIMEx_CommutCallback
                0x00000000080044e8       0x14 Drivers/STM32L4xx_HAL_Driver/Src/stm32l4xx_hal_tim_ex.o
                0x00000000080044e8                HAL_TIMEx_CommutCallback
 .text.HAL_TIMEx_BreakCallback
                0x00000000080044fc       0x14 Drivers/STM32L4xx_HAL_Driver/Src/stm32l4xx_hal_tim_ex.o
                0x00000000080044fc                HAL_TIMEx_BreakCallback
 .text.HAL_TIMEx_Break2Callback
                0x0000000008004510       0x14 Drivers/STM32L4xx_HAL_Driver/Src/stm32l4xx_hal_tim_ex.o
                0x0000000008004510                HAL_TIMEx_Break2Callback
 .text.HAL_UART_Init
                0x0000000008004524       0x9c Drivers/STM32L4xx_HAL_Driver/Src/stm32l4xx_hal_uart.o
                0x0000000008004524                HAL_UART_Init
 .text.HAL_UART_Transmit
                0x00000000080045c0      0x126 Drivers/STM32L4xx_HAL_Driver/Src/stm32l4xx_hal_uart.o
                0x00000000080045c0                HAL_UART_Transmit
 *fill*         0x00000000080046e6        0x2 
 .text.UART_SetConfig
                0x00000000080046e8      0x514 Drivers/STM32L4xx_HAL_Driver/Src/stm32l4xx_hal_uart.o
                0x00000000080046e8                UART_SetConfig
 .text.UART_AdvFeatureConfig
                0x0000000008004bfc      0x144 Drivers/STM32L4xx_HAL_Driver/Src/stm32l4xx_hal_uart.o
                0x0000000008004bfc                UART_AdvFeatureConfig
 .text.UART_CheckIdleState
                0x0000000008004d40       0x8a Drivers/STM32L4xx_HAL_Driver/Src/stm32l4xx_hal_uart.o
                0x0000000008004d40                UART_CheckIdleState
 .text.UART_WaitOnFlagUntilTimeout
                0x0000000008004dca       0xf6 Drivers/STM32L4xx_HAL_Driver/Src/stm32l4xx_hal_uart.o
                0x0000000008004dca                UART_WaitOnFlagUntilTimeout
 .text.makeFreeRtosPriority
                0x0000000008004ec0       0x30 Middlewares/Third_Party/FreeRTOS/Source/CMSIS_RTOS/cmsis_os.o
 .text.osKernelStart
                0x0000000008004ef0        0xe Middlewares/Third_Party/FreeRTOS/Source/CMSIS_RTOS/cmsis_os.o
                0x0000000008004ef0                osKernelStart
 .text.osThreadCreate
                0x0000000008004efe       0x98 Middlewares/Third_Party/FreeRTOS/Source/CMSIS_RTOS/cmsis_os.o
                0x0000000008004efe                osThreadCreate
 .text.osDelay  0x0000000008004f96       0x28 Middlewares/Third_Party/FreeRTOS/Source/CMSIS_RTOS/cmsis_os.o
                0x0000000008004f96                osDelay
 .text.vListInitialise
                0x0000000008004fbe       0x40 Middlewares/Third_Party/FreeRTOS/Source/list.o
                0x0000000008004fbe                vListInitialise
 .text.vListInitialiseItem
                0x0000000008004ffe       0x1a Middlewares/Third_Party/FreeRTOS/Source/list.o
                0x0000000008004ffe                vListInitialiseItem
 .text.vListInsertEnd
                0x0000000008005018       0x48 Middlewares/Third_Party/FreeRTOS/Source/list.o
                0x0000000008005018                vListInsertEnd
 .text.vListInsert
                0x0000000008005060       0x72 Middlewares/Third_Party/FreeRTOS/Source/list.o
                0x0000000008005060                vListInsert
 .text.uxListRemove
                0x00000000080050d2       0x54 Middlewares/Third_Party/FreeRTOS/Source/list.o
                0x00000000080050d2                uxListRemove
 .text.xTaskCreateStatic
                0x0000000008005126       0xb4 Middlewares/Third_Party/FreeRTOS/Source/tasks.o
                0x0000000008005126                xTaskCreateStatic
 .text.xTaskCreate
                0x00000000080051da       0x8a Middlewares/Third_Party/FreeRTOS/Source/tasks.o
                0x00000000080051da                xTaskCreate
 .text.prvInitialiseNewTask
                0x0000000008005264      0x10c Middlewares/Third_Party/FreeRTOS/Source/tasks.o
 .text.prvAddNewTaskToReadyList
                0x0000000008005370       0xd4 Middlewares/Third_Party/FreeRTOS/Source/tasks.o
 .text.vTaskDelay
                0x0000000008005444       0x68 Middlewares/Third_Party/FreeRTOS/Source/tasks.o
                0x0000000008005444                vTaskDelay
 .text.vTaskStartScheduler
                0x00000000080054ac       0xbc Middlewares/Third_Party/FreeRTOS/Source/tasks.o
                0x00000000080054ac                vTaskStartScheduler
 .text.vTaskSuspendAll
                0x0000000008005568       0x1c Middlewares/Third_Party/FreeRTOS/Source/tasks.o
                0x0000000008005568                vTaskSuspendAll
 .text.xTaskResumeAll
                0x0000000008005584      0x138 Middlewares/Third_Party/FreeRTOS/Source/tasks.o
                0x0000000008005584                xTaskResumeAll
 .text.xTaskIncrementTick
                0x00000000080056bc      0x170 Middlewares/Third_Party/FreeRTOS/Source/tasks.o
                0x00000000080056bc                xTaskIncrementTick
 .text.vTaskSwitchContext
                0x000000000800582c       0xb4 Middlewares/Third_Party/FreeRTOS/Source/tasks.o
                0x000000000800582c                vTaskSwitchContext
 .text.prvIdleTask
                0x00000000080058e0       0x30 Middlewares/Third_Party/FreeRTOS/Source/tasks.o
 .text.prvInitialiseTaskLists
                0x0000000008005910       0x80 Middlewares/Third_Party/FreeRTOS/Source/tasks.o
 .text.prvCheckTasksWaitingTermination
                0x0000000008005990       0x58 Middlewares/Third_Party/FreeRTOS/Source/tasks.o
 .text.prvDeleteTCB
                0x00000000080059e8       0x5c Middlewares/Third_Party/FreeRTOS/Source/tasks.o
 .text.prvResetNextTaskUnblockTime
                0x0000000008005a44       0x40 Middlewares/Third_Party/FreeRTOS/Source/tasks.o
 .text.prvAddCurrentTaskToDelayedList
                0x0000000008005a84       0xcc Middlewares/Third_Party/FreeRTOS/Source/tasks.o
 .text.pxPortInitialiseStack
                0x0000000008005b50       0x68 Middlewares/Third_Party/FreeRTOS/Source/portable/GCC/ARM_CM4F/port.o
                0x0000000008005b50                pxPortInitialiseStack
 .text.prvTaskExitError
                0x0000000008005bb8       0x54 Middlewares/Third_Party/FreeRTOS/Source/portable/GCC/ARM_CM4F/port.o
 *fill*         0x0000000008005c0c        0x4 
 .text.SVC_Handler
                0x0000000008005c10       0x28 Middlewares/Third_Party/FreeRTOS/Source/portable/GCC/ARM_CM4F/port.o
                0x0000000008005c10                SVC_Handler
 .text.prvPortStartFirstTask
                0x0000000008005c38       0x28 Middlewares/Third_Party/FreeRTOS/Source/portable/GCC/ARM_CM4F/port.o
 .text.xPortStartScheduler
                0x0000000008005c60      0x13c Middlewares/Third_Party/FreeRTOS/Source/portable/GCC/ARM_CM4F/port.o
                0x0000000008005c60                xPortStartScheduler
 .text.vPortEnterCritical
                0x0000000008005d9c       0x5c Middlewares/Third_Party/FreeRTOS/Source/portable/GCC/ARM_CM4F/port.o
                0x0000000008005d9c                vPortEnterCritical
 .text.vPortExitCritical
                0x0000000008005df8       0x50 Middlewares/Third_Party/FreeRTOS/Source/portable/GCC/ARM_CM4F/port.o
                0x0000000008005df8                vPortExitCritical
 *fill*         0x0000000008005e48        0x8 
 .text.PendSV_Handler
                0x0000000008005e50       0x68 Middlewares/Third_Party/FreeRTOS/Source/portable/GCC/ARM_CM4F/port.o
                0x0000000008005e50                PendSV_Handler
 .text.SysTick_Handler
                0x0000000008005eb8       0x40 Middlewares/Third_Party/FreeRTOS/Source/portable/GCC/ARM_CM4F/port.o
                0x0000000008005eb8                SysTick_Handler
 .text.vPortSetupTimerInterrupt
                0x0000000008005ef8       0x48 Middlewares/Third_Party/FreeRTOS/Source/portable/GCC/ARM_CM4F/port.o
                0x0000000008005ef8                vPortSetupTimerInterrupt
 .text.vPortEnableVFP
                0x0000000008005f40       0x14 Middlewares/Third_Party/FreeRTOS/Source/portable/GCC/ARM_CM4F/port.o
 .text.pvPortMalloc
                0x0000000008005f54      0x184 Middlewares/Third_Party/FreeRTOS/Source/portable/MemMang/heap_4.o
                0x0000000008005f54                pvPortMalloc
 .text.vPortFree
                0x00000000080060d8       0xb0 Middlewares/Third_Party/FreeRTOS/Source/portable/MemMang/heap_4.o
                0x00000000080060d8                vPortFree
 .text.prvHeapInit
                0x0000000008006188       0xc4 Middlewares/Third_Party/FreeRTOS/Source/portable/MemMang/heap_4.o
 .text.prvInsertBlockIntoFreeList
                0x000000000800624c       0xb4 Middlewares/Third_Party/FreeRTOS/Source/portable/MemMang/heap_4.o
 .text.vApplicationGetIdleTaskMemory
                0x0000000008006300       0x34 Src/freertos.o
                0x0000000008006300                vApplicationGetIdleTaskMemory
 .text.main     0x0000000008006334       0xc8 Src/main.o
                0x0000000008006334                main
 .text.SystemClock_Config
                0x00000000080063fc       0xf2 Src/main.o
                0x00000000080063fc                SystemClock_Config
 *fill*         0x00000000080064ee        0x2 
 .text.MX_DAC1_Init
                0x00000000080064f0       0x64 Src/main.o
 .text.MX_I2C2_Init
                0x0000000008006554       0x80 Src/main.o
 .text.MX_QUADSPI_Init
                0x00000000080065d4       0x4c Src/main.o
 .text.MX_TIM2_Init
                0x0000000008006620       0x9c Src/main.o
 .text.MX_USART1_UART_Init
                0x00000000080066bc       0x60 Src/main.o
 .text.MX_DMA_Init
                0x000000000800671c       0x3c Src/main.o
 .text.MX_GPIO_Init
                0x0000000008006758      0x144 Src/main.o
 .text.HAL_GPIO_EXTI_Callback
                0x000000000800689c       0xc4 Src/main.o
                0x000000000800689c                HAL_GPIO_EXTI_Callback
 .text.StartDatareadingTask
                0x0000000008006960       0x1c Src/main.o
                0x0000000008006960                StartDatareadingTask
 .text.StartOrientationTask
                0x000000000800697c      0x2a0 Src/main.o
                0x000000000800697c                StartOrientationTask
 .text.HAL_TIM_PeriodElapsedCallback
                0x0000000008006c1c       0x24 Src/main.o
                0x0000000008006c1c                HAL_TIM_PeriodElapsedCallback
 .text.Error_Handler
                0x0000000008006c40        0xe Src/main.o
                0x0000000008006c40                Error_Handler
 *fill*         0x0000000008006c4e        0x2 
 .text.HAL_MspInit
                0x0000000008006c50       0x48 Src/stm32l4xx_hal_msp.o
                0x0000000008006c50                HAL_MspInit
 .text.HAL_DAC_MspInit
                0x0000000008006c98       0xe8 Src/stm32l4xx_hal_msp.o
                0x0000000008006c98                HAL_DAC_MspInit
 .text.HAL_I2C_MspInit
                0x0000000008006d80       0x88 Src/stm32l4xx_hal_msp.o
                0x0000000008006d80                HAL_I2C_MspInit
 .text.HAL_I2C_MspDeInit
                0x0000000008006e08       0x48 Src/stm32l4xx_hal_msp.o
                0x0000000008006e08                HAL_I2C_MspDeInit
 .text.HAL_QSPI_MspInit
                0x0000000008006e50       0x88 Src/stm32l4xx_hal_msp.o
                0x0000000008006e50                HAL_QSPI_MspInit
 .text.HAL_TIM_Base_MspInit
                0x0000000008006ed8       0x48 Src/stm32l4xx_hal_msp.o
                0x0000000008006ed8                HAL_TIM_Base_MspInit
 .text.HAL_UART_MspInit
                0x0000000008006f20       0x88 Src/stm32l4xx_hal_msp.o
                0x0000000008006f20                HAL_UART_MspInit
 .text.HAL_InitTick
                0x0000000008006fa8       0xac Src/stm32l4xx_hal_timebase_tim.o
                0x0000000008006fa8                HAL_InitTick
 .text.NMI_Handler
                0x0000000008007054        0xe Src/stm32l4xx_it.o
                0x0000000008007054                NMI_Handler
 .text.HardFault_Handler
                0x0000000008007062        0x6 Src/stm32l4xx_it.o
                0x0000000008007062                HardFault_Handler
 .text.MemManage_Handler
                0x0000000008007068        0x6 Src/stm32l4xx_it.o
                0x0000000008007068                MemManage_Handler
 .text.BusFault_Handler
                0x000000000800706e        0x6 Src/stm32l4xx_it.o
                0x000000000800706e                BusFault_Handler
 .text.UsageFault_Handler
                0x0000000008007074        0x6 Src/stm32l4xx_it.o
                0x0000000008007074                UsageFault_Handler
 .text.DebugMon_Handler
                0x000000000800707a        0xe Src/stm32l4xx_it.o
                0x000000000800707a                DebugMon_Handler
 .text.DMA1_Channel3_IRQHandler
                0x0000000008007088       0x14 Src/stm32l4xx_it.o
                0x0000000008007088                DMA1_Channel3_IRQHandler
 .text.TIM2_IRQHandler
                0x000000000800709c       0x14 Src/stm32l4xx_it.o
                0x000000000800709c                TIM2_IRQHandler
 .text.EXTI15_10_IRQHandler
                0x00000000080070b0       0x18 Src/stm32l4xx_it.o
                0x00000000080070b0                EXTI15_10_IRQHandler
 .text.TIM6_DAC_IRQHandler
                0x00000000080070c8       0x1c Src/stm32l4xx_it.o
                0x00000000080070c8                TIM6_DAC_IRQHandler
 .text.SystemInit
                0x00000000080070e4       0x6c Src/system_stm32l4xx.o
                0x00000000080070e4                SystemInit
 .text.Reset_Handler
                0x0000000008007150       0x50 Startup/startup_stm32l475vgtx.o
                0x0000000008007150                Reset_Handler
 .text.Default_Handler
                0x00000000080071a0        0x2 Startup/startup_stm32l475vgtx.o
                0x00000000080071a0                RTC_Alarm_IRQHandler
                0x00000000080071a0                EXTI2_IRQHandler
                0x00000000080071a0                TIM8_TRG_COM_IRQHandler
                0x00000000080071a0                TIM8_CC_IRQHandler
                0x00000000080071a0                TIM1_CC_IRQHandler
                0x00000000080071a0                TSC_IRQHandler
                0x00000000080071a0                TAMP_STAMP_IRQHandler
                0x00000000080071a0                EXTI3_IRQHandler
                0x00000000080071a0                LPTIM2_IRQHandler
                0x00000000080071a0                DFSDM1_FLT1_IRQHandler
                0x00000000080071a0                I2C3_ER_IRQHandler
                0x00000000080071a0                DFSDM1_FLT2_IRQHandler
                0x00000000080071a0                EXTI0_IRQHandler
                0x00000000080071a0                I2C2_EV_IRQHandler
                0x00000000080071a0                CAN1_RX0_IRQHandler
                0x00000000080071a0                FPU_IRQHandler
                0x00000000080071a0                TIM1_UP_TIM16_IRQHandler
                0x00000000080071a0                ADC1_2_IRQHandler
                0x00000000080071a0                SPI1_IRQHandler
                0x00000000080071a0                TIM8_UP_IRQHandler
                0x00000000080071a0                DMA2_Channel2_IRQHandler
                0x00000000080071a0                DMA1_Channel4_IRQHandler
                0x00000000080071a0                SAI2_IRQHandler
                0x00000000080071a0                DFSDM1_FLT3_IRQHandler
                0x00000000080071a0                USART3_IRQHandler
                0x00000000080071a0                DMA1_Channel7_IRQHandler
                0x00000000080071a0                CAN1_RX1_IRQHandler
                0x00000000080071a0                UART5_IRQHandler
                0x00000000080071a0                ADC3_IRQHandler
                0x00000000080071a0                TIM4_IRQHandler
                0x00000000080071a0                DMA2_Channel1_IRQHandler
                0x00000000080071a0                QUADSPI_IRQHandler
                0x00000000080071a0                I2C1_EV_IRQHandler
                0x00000000080071a0                DMA1_Channel6_IRQHandler
                0x00000000080071a0                UART4_IRQHandler
                0x00000000080071a0                DMA2_Channel4_IRQHandler
                0x00000000080071a0                TIM3_IRQHandler
                0x00000000080071a0                RCC_IRQHandler
                0x00000000080071a0                DMA1_Channel1_IRQHandler
                0x00000000080071a0                Default_Handler
                0x00000000080071a0                DMA2_Channel7_IRQHandler
                0x00000000080071a0                TIM7_IRQHandler
                0x00000000080071a0                SDMMC1_IRQHandler
                0x00000000080071a0                TIM5_IRQHandler
                0x00000000080071a0                I2C3_EV_IRQHandler
                0x00000000080071a0                EXTI9_5_IRQHandler
                0x00000000080071a0                RTC_WKUP_IRQHandler
                0x00000000080071a0                PVD_PVM_IRQHandler
                0x00000000080071a0                SPI2_IRQHandler
                0x00000000080071a0                CAN1_TX_IRQHandler
                0x00000000080071a0                DMA2_Channel5_IRQHandler
                0x00000000080071a0                DMA1_Channel5_IRQHandler
                0x00000000080071a0                EXTI4_IRQHandler
                0x00000000080071a0                RNG_IRQHandler
                0x00000000080071a0                TIM1_TRG_COM_TIM17_IRQHandler
                0x00000000080071a0                COMP_IRQHandler
                0x00000000080071a0                WWDG_IRQHandler
                0x00000000080071a0                LPUART1_IRQHandler
                0x00000000080071a0                DMA2_Channel6_IRQHandler
                0x00000000080071a0                EXTI1_IRQHandler
                0x00000000080071a0                USART2_IRQHandler
                0x00000000080071a0                DFSDM1_FLT0_IRQHandler
                0x00000000080071a0                I2C2_ER_IRQHandler
                0x00000000080071a0                DMA1_Channel2_IRQHandler
                0x00000000080071a0                TIM8_BRK_IRQHandler
                0x00000000080071a0                CAN1_SCE_IRQHandler
                0x00000000080071a0                FLASH_IRQHandler
                0x00000000080071a0                USART1_IRQHandler
                0x00000000080071a0                OTG_FS_IRQHandler
                0x00000000080071a0                SPI3_IRQHandler
                0x00000000080071a0                I2C1_ER_IRQHandler
                0x00000000080071a0                FMC_IRQHandler
                0x00000000080071a0                SWPMI1_IRQHandler
                0x00000000080071a0                LPTIM1_IRQHandler
                0x00000000080071a0                SAI1_IRQHandler
                0x00000000080071a0                DMA2_Channel3_IRQHandler
                0x00000000080071a0                TIM1_BRK_TIM15_IRQHandler
 *fill*         0x00000000080071a2        0x2 
 .text.__libc_init_array
                0x00000000080071a4       0x48 c:/st/stm32cubeide_1.4.0/stm32cubeide/plugins/com.st.stm32cube.ide.mcu.externaltools.gnu-tools-for-stm32.7-2018-q2-update.win32_1.4.0.202007081208/tools/bin/../lib/gcc/arm-none-eabi/7.3.1/../../../../arm-none-eabi/lib/thumb/v7e-m/fpv4-sp/hard\libc_nano.a(lib_a-init.o)
                0x00000000080071a4                __libc_init_array
 .text.memset   0x00000000080071ec       0x10 c:/st/stm32cubeide_1.4.0/stm32cubeide/plugins/com.st.stm32cube.ide.mcu.externaltools.gnu-tools-for-stm32.7-2018-q2-update.win32_1.4.0.202007081208/tools/bin/../lib/gcc/arm-none-eabi/7.3.1/../../../../arm-none-eabi/lib/thumb/v7e-m/fpv4-sp/hard\libc_nano.a(lib_a-memset.o)
                0x00000000080071ec                memset
 *(.glue_7)
 .glue_7        0x00000000080071fc        0x0 linker stubs
 *(.glue_7t)
 .glue_7t       0x00000000080071fc        0x0 linker stubs
 *(.eh_frame)
 .eh_frame      0x00000000080071fc        0x0 c:/st/stm32cubeide_1.4.0/stm32cubeide/plugins/com.st.stm32cube.ide.mcu.externaltools.gnu-tools-for-stm32.7-2018-q2-update.win32_1.4.0.202007081208/tools/bin/../lib/gcc/arm-none-eabi/7.3.1/thumb/v7e-m/fpv4-sp/hard/crtbegin.o
 *(.init)
 .init          0x00000000080071fc        0x4 c:/st/stm32cubeide_1.4.0/stm32cubeide/plugins/com.st.stm32cube.ide.mcu.externaltools.gnu-tools-for-stm32.7-2018-q2-update.win32_1.4.0.202007081208/tools/bin/../lib/gcc/arm-none-eabi/7.3.1/thumb/v7e-m/fpv4-sp/hard/crti.o
                0x00000000080071fc                _init
 .init          0x0000000008007200        0x8 c:/st/stm32cubeide_1.4.0/stm32cubeide/plugins/com.st.stm32cube.ide.mcu.externaltools.gnu-tools-for-stm32.7-2018-q2-update.win32_1.4.0.202007081208/tools/bin/../lib/gcc/arm-none-eabi/7.3.1/thumb/v7e-m/fpv4-sp/hard/crtn.o
 *(.fini)
 .fini          0x0000000008007208        0x4 c:/st/stm32cubeide_1.4.0/stm32cubeide/plugins/com.st.stm32cube.ide.mcu.externaltools.gnu-tools-for-stm32.7-2018-q2-update.win32_1.4.0.202007081208/tools/bin/../lib/gcc/arm-none-eabi/7.3.1/thumb/v7e-m/fpv4-sp/hard/crti.o
                0x0000000008007208                _fini
 .fini          0x000000000800720c        0x8 c:/st/stm32cubeide_1.4.0/stm32cubeide/plugins/com.st.stm32cube.ide.mcu.externaltools.gnu-tools-for-stm32.7-2018-q2-update.win32_1.4.0.202007081208/tools/bin/../lib/gcc/arm-none-eabi/7.3.1/thumb/v7e-m/fpv4-sp/hard/crtn.o
                0x0000000008007214                . = ALIGN (0x4)
                0x0000000008007214                _etext = .

.vfp11_veneer   0x0000000008007214        0x0
 .vfp11_veneer  0x0000000008007214        0x0 linker stubs

.v4_bx          0x0000000008007214        0x0
 .v4_bx         0x0000000008007214        0x0 linker stubs

.iplt           0x0000000008007214        0x0
 .iplt          0x0000000008007214        0x0 c:/st/stm32cubeide_1.4.0/stm32cubeide/plugins/com.st.stm32cube.ide.mcu.externaltools.gnu-tools-for-stm32.7-2018-q2-update.win32_1.4.0.202007081208/tools/bin/../lib/gcc/arm-none-eabi/7.3.1/thumb/v7e-m/fpv4-sp/hard/crtbegin.o

.rodata         0x0000000008007214      0x190
                0x0000000008007214                . = ALIGN (0x4)
 *(.rodata)
 .rodata        0x0000000008007214        0x5 Middlewares/Third_Party/FreeRTOS/Source/tasks.o
 *fill*         0x0000000008007219        0x3 
 .rodata        0x000000000800721c      0x13f Src/main.o
 *(.rodata*)
 *fill*         0x000000000800735b        0x1 
 .rodata.AHBPrescTable
                0x000000000800735c       0x10 Src/system_stm32l4xx.o
                0x000000000800735c                AHBPrescTable
 .rodata.APBPrescTable
                0x000000000800736c        0x8 Src/system_stm32l4xx.o
                0x000000000800736c                APBPrescTable
 .rodata.MSIRangeTable
                0x0000000008007374       0x30 Src/system_stm32l4xx.o
                0x0000000008007374                MSIRangeTable
                0x00000000080073a4                . = ALIGN (0x4)

.ARM.extab      0x00000000080073a4        0x0
                0x00000000080073a4                . = ALIGN (0x4)
 *(.ARM.extab* .gnu.linkonce.armextab.*)
                0x00000000080073a4                . = ALIGN (0x4)

.ARM            0x00000000080073a4        0x8
                0x00000000080073a4                . = ALIGN (0x4)
                0x00000000080073a4                __exidx_start = .
 *(.ARM.exidx*)
 .ARM.exidx     0x00000000080073a4        0x8 c:/st/stm32cubeide_1.4.0/stm32cubeide/plugins/com.st.stm32cube.ide.mcu.externaltools.gnu-tools-for-stm32.7-2018-q2-update.win32_1.4.0.202007081208/tools/bin/../lib/gcc/arm-none-eabi/7.3.1/thumb/v7e-m/fpv4-sp/hard\libgcc.a(_udivmoddi4.o)
                0x00000000080073ac                __exidx_end = .
                0x00000000080073ac                . = ALIGN (0x4)

.rel.dyn        0x00000000080073ac        0x0
 .rel.iplt      0x00000000080073ac        0x0 c:/st/stm32cubeide_1.4.0/stm32cubeide/plugins/com.st.stm32cube.ide.mcu.externaltools.gnu-tools-for-stm32.7-2018-q2-update.win32_1.4.0.202007081208/tools/bin/../lib/gcc/arm-none-eabi/7.3.1/thumb/v7e-m/fpv4-sp/hard/crtbegin.o

.preinit_array  0x00000000080073ac        0x0
                0x00000000080073ac                . = ALIGN (0x4)
                0x00000000080073ac                PROVIDE (__preinit_array_start = .)
 *(.preinit_array*)
                0x00000000080073ac                PROVIDE (__preinit_array_end = .)
                0x00000000080073ac                . = ALIGN (0x4)

.init_array     0x00000000080073ac        0x4
                0x00000000080073ac                . = ALIGN (0x4)
                0x00000000080073ac                PROVIDE (__init_array_start = .)
 *(SORT_BY_NAME(.init_array.*))
 *(.init_array*)
 .init_array    0x00000000080073ac        0x4 c:/st/stm32cubeide_1.4.0/stm32cubeide/plugins/com.st.stm32cube.ide.mcu.externaltools.gnu-tools-for-stm32.7-2018-q2-update.win32_1.4.0.202007081208/tools/bin/../lib/gcc/arm-none-eabi/7.3.1/thumb/v7e-m/fpv4-sp/hard/crtbegin.o
                0x00000000080073b0                PROVIDE (__init_array_end = .)
                0x00000000080073b0                . = ALIGN (0x4)

.fini_array     0x00000000080073b0        0x4
                0x00000000080073b0                . = ALIGN (0x4)
                [!provide]                        PROVIDE (__fini_array_start = .)
 *(SORT_BY_NAME(.fini_array.*))
 *(.fini_array*)
 .fini_array    0x00000000080073b0        0x4 c:/st/stm32cubeide_1.4.0/stm32cubeide/plugins/com.st.stm32cube.ide.mcu.externaltools.gnu-tools-for-stm32.7-2018-q2-update.win32_1.4.0.202007081208/tools/bin/../lib/gcc/arm-none-eabi/7.3.1/thumb/v7e-m/fpv4-sp/hard/crtbegin.o
                [!provide]                        PROVIDE (__fini_array_end = .)
                0x00000000080073b4                . = ALIGN (0x4)
                0x00000000080073b4                _sidata = LOADADDR (.data)

.data           0x0000000020000000       0x44 load address 0x00000000080073b4
                0x0000000020000000                . = ALIGN (0x4)
                0x0000000020000000                _sdata = .
 *(.data)
 *(.data*)
 .data.Lsm6dslAccDrv
                0x0000000020000000       0x34 Drivers/BSP/Components/lsm6dsl/lsm6dsl.o
                0x0000000020000000                Lsm6dslAccDrv
 .data.uwTickPrio
                0x0000000020000034        0x4 Drivers/STM32L4xx_HAL_Driver/Src/stm32l4xx_hal.o
                0x0000000020000034                uwTickPrio
 .data.uwTickFreq
                0x0000000020000038        0x1 Drivers/STM32L4xx_HAL_Driver/Src/stm32l4xx_hal.o
                0x0000000020000038                uwTickFreq
 *fill*         0x0000000020000039        0x3 
 .data.uxCriticalNesting
                0x000000002000003c        0x4 Middlewares/Third_Party/FreeRTOS/Source/portable/GCC/ARM_CM4F/port.o
 .data.SystemCoreClock
                0x0000000020000040        0x4 Src/system_stm32l4xx.o
                0x0000000020000040                SystemCoreClock
                0x0000000020000044                . = ALIGN (0x4)
                0x0000000020000044                _edata = .

.igot.plt       0x0000000020000044        0x0 load address 0x00000000080073f8
 .igot.plt      0x0000000020000044        0x0 c:/st/stm32cubeide_1.4.0/stm32cubeide/plugins/com.st.stm32cube.ide.mcu.externaltools.gnu-tools-for-stm32.7-2018-q2-update.win32_1.4.0.202007081208/tools/bin/../lib/gcc/arm-none-eabi/7.3.1/thumb/v7e-m/fpv4-sp/hard/crtbegin.o
                0x0000000020000044                . = ALIGN (0x4)

.bss            0x0000000020000044     0x1260 load address 0x00000000080073f8
                0x0000000020000044                _sbss = .
                0x0000000020000044                __bss_start__ = _sbss
 *(.bss)
 .bss           0x0000000020000044       0x1c c:/st/stm32cubeide_1.4.0/stm32cubeide/plugins/com.st.stm32cube.ide.mcu.externaltools.gnu-tools-for-stm32.7-2018-q2-update.win32_1.4.0.202007081208/tools/bin/../lib/gcc/arm-none-eabi/7.3.1/thumb/v7e-m/fpv4-sp/hard/crtbegin.o
 *(.bss*)
 .bss.AccelerometerDrv
                0x0000000020000060        0x4 Drivers/BSP/B-L475E-IOT01/stm32l475e_iot01_accelero.o
 .bss.pxCurrentTCB
                0x0000000020000064        0x4 Middlewares/Third_Party/FreeRTOS/Source/tasks.o
                0x0000000020000064                pxCurrentTCB
 .bss.pxReadyTasksLists
                0x0000000020000068       0x8c Middlewares/Third_Party/FreeRTOS/Source/tasks.o
 .bss.xDelayedTaskList1
                0x00000000200000f4       0x14 Middlewares/Third_Party/FreeRTOS/Source/tasks.o
 .bss.xDelayedTaskList2
                0x0000000020000108       0x14 Middlewares/Third_Party/FreeRTOS/Source/tasks.o
 .bss.pxDelayedTaskList
                0x000000002000011c        0x4 Middlewares/Third_Party/FreeRTOS/Source/tasks.o
 .bss.pxOverflowDelayedTaskList
                0x0000000020000120        0x4 Middlewares/Third_Party/FreeRTOS/Source/tasks.o
 .bss.xPendingReadyList
                0x0000000020000124       0x14 Middlewares/Third_Party/FreeRTOS/Source/tasks.o
 .bss.xTasksWaitingTermination
                0x0000000020000138       0x14 Middlewares/Third_Party/FreeRTOS/Source/tasks.o
 .bss.uxDeletedTasksWaitingCleanUp
                0x000000002000014c        0x4 Middlewares/Third_Party/FreeRTOS/Source/tasks.o
 .bss.xSuspendedTaskList
                0x0000000020000150       0x14 Middlewares/Third_Party/FreeRTOS/Source/tasks.o
 .bss.uxCurrentNumberOfTasks
                0x0000000020000164        0x4 Middlewares/Third_Party/FreeRTOS/Source/tasks.o
 .bss.xTickCount
                0x0000000020000168        0x4 Middlewares/Third_Party/FreeRTOS/Source/tasks.o
 .bss.uxTopReadyPriority
                0x000000002000016c        0x4 Middlewares/Third_Party/FreeRTOS/Source/tasks.o
 .bss.xSchedulerRunning
                0x0000000020000170        0x4 Middlewares/Third_Party/FreeRTOS/Source/tasks.o
 .bss.uxPendedTicks
                0x0000000020000174        0x4 Middlewares/Third_Party/FreeRTOS/Source/tasks.o
 .bss.xYieldPending
                0x0000000020000178        0x4 Middlewares/Third_Party/FreeRTOS/Source/tasks.o
 .bss.xNumOfOverflows
                0x000000002000017c        0x4 Middlewares/Third_Party/FreeRTOS/Source/tasks.o
 .bss.uxTaskNumber
                0x0000000020000180        0x4 Middlewares/Third_Party/FreeRTOS/Source/tasks.o
 .bss.xNextTaskUnblockTime
                0x0000000020000184        0x4 Middlewares/Third_Party/FreeRTOS/Source/tasks.o
 .bss.xIdleTaskHandle
                0x0000000020000188        0x4 Middlewares/Third_Party/FreeRTOS/Source/tasks.o
 .bss.uxSchedulerSuspended
                0x000000002000018c        0x4 Middlewares/Third_Party/FreeRTOS/Source/tasks.o
 .bss.ucMaxSysCallPriority
                0x0000000020000190        0x1 Middlewares/Third_Party/FreeRTOS/Source/portable/GCC/ARM_CM4F/port.o
 *fill*         0x0000000020000191        0x3 
 .bss.ulMaxPRIGROUPValue
                0x0000000020000194        0x4 Middlewares/Third_Party/FreeRTOS/Source/portable/GCC/ARM_CM4F/port.o
 .bss.ucHeap    0x0000000020000198      0xbb8 Middlewares/Third_Party/FreeRTOS/Source/portable/MemMang/heap_4.o
 .bss.xStart    0x0000000020000d50        0x8 Middlewares/Third_Party/FreeRTOS/Source/portable/MemMang/heap_4.o
 .bss.pxEnd     0x0000000020000d58        0x4 Middlewares/Third_Party/FreeRTOS/Source/portable/MemMang/heap_4.o
 .bss.xFreeBytesRemaining
                0x0000000020000d5c        0x4 Middlewares/Third_Party/FreeRTOS/Source/portable/MemMang/heap_4.o
 .bss.xMinimumEverFreeBytesRemaining
                0x0000000020000d60        0x4 Middlewares/Third_Party/FreeRTOS/Source/portable/MemMang/heap_4.o
 .bss.xBlockAllocatedBit
                0x0000000020000d64        0x4 Middlewares/Third_Party/FreeRTOS/Source/portable/MemMang/heap_4.o
 .bss.xIdleTaskTCBBuffer
                0x0000000020000d68       0x54 Src/freertos.o
 .bss.xIdleStack
                0x0000000020000dbc      0x200 Src/freertos.o
 .bss.count     0x0000000020000fbc        0x2 Src/main.o
                0x0000000020000fbc                count
 .bss.hit       0x0000000020000fbe        0x2 Src/main.o
                0x0000000020000fbe                hit
 *(COMMON)
 COMMON         0x0000000020000fc0       0xcc Drivers/BSP/B-L475E-IOT01/stm32l475e_iot01.o
                0x0000000020000fc0                hDiscoUart
                0x0000000020001040                hI2cHandler
 COMMON         0x000000002000108c        0x4 Drivers/STM32L4xx_HAL_Driver/Src/stm32l4xx_hal.o
                0x000000002000108c                uwTick
 COMMON         0x0000000020001090      0x1c8 Src/main.o
                0x0000000020001090                datareadingTaskHandle
                0x0000000020001094                hdac1
                0x00000000200010a8                hi2c2
                0x00000000200010f4                orientationTaskHandle
                0x00000000200010f8                hdma_dac_ch1
                0x0000000020001140                aXYZ
                0x0000000020001148                huart1
                0x00000000200011c8                htim2
                0x0000000020001214                hqspi
 COMMON         0x0000000020001258       0x4c Src/stm32l4xx_hal_timebase_tim.o
                0x0000000020001258                htim6
                0x00000000200012a4                . = ALIGN (0x4)
                0x00000000200012a4                _ebss = .
                0x00000000200012a4                __bss_end__ = _ebss

._user_heap_stack
                0x00000000200012a4      0x604 load address 0x00000000080073f8
                0x00000000200012a8                . = ALIGN (0x8)
 *fill*         0x00000000200012a4        0x4 
                [!provide]                        PROVIDE (end = .)
                0x00000000200012a8                PROVIDE (_end = .)
                0x00000000200014a8                . = (. + _Min_Heap_Size)
 *fill*         0x00000000200012a8      0x200 
                0x00000000200018a8                . = (. + _Min_Stack_Size)
 *fill*         0x00000000200014a8      0x400 
                0x00000000200018a8                . = ALIGN (0x8)

/DISCARD/
 libc.a(*)
 libm.a(*)
 libgcc.a(*)

.ARM.attributes
                0x0000000000000000       0x30
 *(.ARM.attributes)
 .ARM.attributes
                0x0000000000000000       0x22 c:/st/stm32cubeide_1.4.0/stm32cubeide/plugins/com.st.stm32cube.ide.mcu.externaltools.gnu-tools-for-stm32.7-2018-q2-update.win32_1.4.0.202007081208/tools/bin/../lib/gcc/arm-none-eabi/7.3.1/thumb/v7e-m/fpv4-sp/hard/crti.o
 .ARM.attributes
                0x0000000000000022       0x34 c:/st/stm32cubeide_1.4.0/stm32cubeide/plugins/com.st.stm32cube.ide.mcu.externaltools.gnu-tools-for-stm32.7-2018-q2-update.win32_1.4.0.202007081208/tools/bin/../lib/gcc/arm-none-eabi/7.3.1/thumb/v7e-m/fpv4-sp/hard/crtbegin.o
 .ARM.attributes
                0x0000000000000056       0x39 Drivers/BSP/B-L475E-IOT01/stm32l475e_iot01.o
 .ARM.attributes
                0x000000000000008f       0x39 Drivers/BSP/B-L475E-IOT01/stm32l475e_iot01_accelero.o
 .ARM.attributes
                0x00000000000000c8       0x39 Drivers/BSP/Components/lsm6dsl/lsm6dsl.o
 .ARM.attributes
                0x0000000000000101       0x39 Drivers/STM32L4xx_HAL_Driver/Src/stm32l4xx_hal.o
 .ARM.attributes
                0x000000000000013a       0x39 Drivers/STM32L4xx_HAL_Driver/Src/stm32l4xx_hal_cortex.o
 .ARM.attributes
                0x0000000000000173       0x39 Drivers/STM32L4xx_HAL_Driver/Src/stm32l4xx_hal_dac.o
 .ARM.attributes
                0x00000000000001ac       0x39 Drivers/STM32L4xx_HAL_Driver/Src/stm32l4xx_hal_dac_ex.o
 .ARM.attributes
                0x00000000000001e5       0x39 Drivers/STM32L4xx_HAL_Driver/Src/stm32l4xx_hal_dma.o
 .ARM.attributes
                0x000000000000021e       0x39 Drivers/STM32L4xx_HAL_Driver/Src/stm32l4xx_hal_gpio.o
 .ARM.attributes
                0x0000000000000257       0x39 Drivers/STM32L4xx_HAL_Driver/Src/stm32l4xx_hal_i2c.o
 .ARM.attributes
                0x0000000000000290       0x39 Drivers/STM32L4xx_HAL_Driver/Src/stm32l4xx_hal_i2c_ex.o
 .ARM.attributes
                0x00000000000002c9       0x39 Drivers/STM32L4xx_HAL_Driver/Src/stm32l4xx_hal_pwr_ex.o
 .ARM.attributes
                0x0000000000000302       0x39 Drivers/STM32L4xx_HAL_Driver/Src/stm32l4xx_hal_qspi.o
 .ARM.attributes
                0x000000000000033b       0x39 Drivers/STM32L4xx_HAL_Driver/Src/stm32l4xx_hal_rcc.o
 .ARM.attributes
                0x0000000000000374       0x39 Drivers/STM32L4xx_HAL_Driver/Src/stm32l4xx_hal_rcc_ex.o
 .ARM.attributes
                0x00000000000003ad       0x39 Drivers/STM32L4xx_HAL_Driver/Src/stm32l4xx_hal_tim.o
 .ARM.attributes
                0x00000000000003e6       0x39 Drivers/STM32L4xx_HAL_Driver/Src/stm32l4xx_hal_tim_ex.o
 .ARM.attributes
                0x000000000000041f       0x39 Drivers/STM32L4xx_HAL_Driver/Src/stm32l4xx_hal_uart.o
 .ARM.attributes
                0x0000000000000458       0x39 Middlewares/Third_Party/FreeRTOS/Source/CMSIS_RTOS/cmsis_os.o
 .ARM.attributes
                0x0000000000000491       0x39 Middlewares/Third_Party/FreeRTOS/Source/list.o
 .ARM.attributes
                0x00000000000004ca       0x39 Middlewares/Third_Party/FreeRTOS/Source/tasks.o
 .ARM.attributes
                0x0000000000000503       0x39 Middlewares/Third_Party/FreeRTOS/Source/portable/GCC/ARM_CM4F/port.o
 .ARM.attributes
                0x000000000000053c       0x39 Middlewares/Third_Party/FreeRTOS/Source/portable/MemMang/heap_4.o
 .ARM.attributes
                0x0000000000000575       0x39 Src/freertos.o
 .ARM.attributes
                0x00000000000005ae       0x39 Src/main.o
 .ARM.attributes
                0x00000000000005e7       0x39 Src/stm32l4xx_hal_msp.o
 .ARM.attributes
                0x0000000000000620       0x39 Src/stm32l4xx_hal_timebase_tim.o
 .ARM.attributes
                0x0000000000000659       0x39 Src/stm32l4xx_it.o
 .ARM.attributes
                0x0000000000000692       0x39 Src/system_stm32l4xx.o
 .ARM.attributes
                0x00000000000006cb       0x21 Startup/startup_stm32l475vgtx.o
 .ARM.attributes
                0x00000000000006ec       0x34 c:/st/stm32cubeide_1.4.0/stm32cubeide/plugins/com.st.stm32cube.ide.mcu.externaltools.gnu-tools-for-stm32.7-2018-q2-update.win32_1.4.0.202007081208/tools/bin/../lib/gcc/arm-none-eabi/7.3.1/../../../../arm-none-eabi/lib/thumb/v7e-m/fpv4-sp/hard\libc_nano.a(lib_a-init.o)
 .ARM.attributes
                0x0000000000000720       0x34 c:/st/stm32cubeide_1.4.0/stm32cubeide/plugins/com.st.stm32cube.ide.mcu.externaltools.gnu-tools-for-stm32.7-2018-q2-update.win32_1.4.0.202007081208/tools/bin/../lib/gcc/arm-none-eabi/7.3.1/../../../../arm-none-eabi/lib/thumb/v7e-m/fpv4-sp/hard\libc_nano.a(lib_a-memset.o)
 .ARM.attributes
                0x0000000000000754       0x1b c:/st/stm32cubeide_1.4.0/stm32cubeide/plugins/com.st.stm32cube.ide.mcu.externaltools.gnu-tools-for-stm32.7-2018-q2-update.win32_1.4.0.202007081208/tools/bin/../lib/gcc/arm-none-eabi/7.3.1/../../../../arm-none-eabi/lib/thumb/v7e-m/fpv4-sp/hard\libc_nano.a(lib_a-strlen.o)
 .ARM.attributes
                0x000000000000076f       0x22 c:/st/stm32cubeide_1.4.0/stm32cubeide/plugins/com.st.stm32cube.ide.mcu.externaltools.gnu-tools-for-stm32.7-2018-q2-update.win32_1.4.0.202007081208/tools/bin/../lib/gcc/arm-none-eabi/7.3.1/thumb/v7e-m/fpv4-sp/hard\libgcc.a(_aeabi_uldivmod.o)
 .ARM.attributes
                0x0000000000000791       0x34 c:/st/stm32cubeide_1.4.0/stm32cubeide/plugins/com.st.stm32cube.ide.mcu.externaltools.gnu-tools-for-stm32.7-2018-q2-update.win32_1.4.0.202007081208/tools/bin/../lib/gcc/arm-none-eabi/7.3.1/thumb/v7e-m/fpv4-sp/hard\libgcc.a(_udivmoddi4.o)
 .ARM.attributes
                0x00000000000007c5       0x22 c:/st/stm32cubeide_1.4.0/stm32cubeide/plugins/com.st.stm32cube.ide.mcu.externaltools.gnu-tools-for-stm32.7-2018-q2-update.win32_1.4.0.202007081208/tools/bin/../lib/gcc/arm-none-eabi/7.3.1/thumb/v7e-m/fpv4-sp/hard\libgcc.a(_dvmd_tls.o)
 .ARM.attributes
                0x00000000000007e7       0x22 c:/st/stm32cubeide_1.4.0/stm32cubeide/plugins/com.st.stm32cube.ide.mcu.externaltools.gnu-tools-for-stm32.7-2018-q2-update.win32_1.4.0.202007081208/tools/bin/../lib/gcc/arm-none-eabi/7.3.1/thumb/v7e-m/fpv4-sp/hard/crtn.o
OUTPUT(ECSE444FinalProject.elf elf32-littlearm)

.debug_info     0x0000000000000000    0x1f457
 .debug_info    0x0000000000000000     0x1a64 Drivers/BSP/B-L475E-IOT01/stm32l475e_iot01.o
 .debug_info    0x0000000000001a64      0x651 Drivers/BSP/B-L475E-IOT01/stm32l475e_iot01_accelero.o
 .debug_info    0x00000000000020b5      0x540 Drivers/BSP/Components/lsm6dsl/lsm6dsl.o
 .debug_info    0x00000000000025f5      0xc1a Drivers/STM32L4xx_HAL_Driver/Src/stm32l4xx_hal.o
 .debug_info    0x000000000000320f      0xf67 Drivers/STM32L4xx_HAL_Driver/Src/stm32l4xx_hal_cortex.o
 .debug_info    0x0000000000004176      0xbd0 Drivers/STM32L4xx_HAL_Driver/Src/stm32l4xx_hal_dac.o
 .debug_info    0x0000000000004d46      0xacc Drivers/STM32L4xx_HAL_Driver/Src/stm32l4xx_hal_dac_ex.o
 .debug_info    0x0000000000005812      0x8f2 Drivers/STM32L4xx_HAL_Driver/Src/stm32l4xx_hal_dma.o
 .debug_info    0x0000000000006104      0x9c2 Drivers/STM32L4xx_HAL_Driver/Src/stm32l4xx_hal_gpio.o
 .debug_info    0x0000000000006ac6     0x210d Drivers/STM32L4xx_HAL_Driver/Src/stm32l4xx_hal_i2c.o
 .debug_info    0x0000000000008bd3      0xb72 Drivers/STM32L4xx_HAL_Driver/Src/stm32l4xx_hal_i2c_ex.o
 .debug_info    0x0000000000009745      0xb35 Drivers/STM32L4xx_HAL_Driver/Src/stm32l4xx_hal_pwr_ex.o
 .debug_info    0x000000000000a27a     0x12cb Drivers/STM32L4xx_HAL_Driver/Src/stm32l4xx_hal_qspi.o
 .debug_info    0x000000000000b545      0xd2f Drivers/STM32L4xx_HAL_Driver/Src/stm32l4xx_hal_rcc.o
 .debug_info    0x000000000000c274      0xf41 Drivers/STM32L4xx_HAL_Driver/Src/stm32l4xx_hal_rcc_ex.o
 .debug_info    0x000000000000d1b5     0x2a61 Drivers/STM32L4xx_HAL_Driver/Src/stm32l4xx_hal_tim.o
 .debug_info    0x000000000000fc16     0x167e Drivers/STM32L4xx_HAL_Driver/Src/stm32l4xx_hal_tim_ex.o
 .debug_info    0x0000000000011294     0x1830 Drivers/STM32L4xx_HAL_Driver/Src/stm32l4xx_hal_uart.o
 .debug_info    0x0000000000012ac4     0x1e80 Middlewares/Third_Party/FreeRTOS/Source/CMSIS_RTOS/cmsis_os.o
 .debug_info    0x0000000000014944      0xacb Middlewares/Third_Party/FreeRTOS/Source/list.o
 .debug_info    0x000000000001540f     0x2494 Middlewares/Third_Party/FreeRTOS/Source/tasks.o
 .debug_info    0x00000000000178a3      0x533 Middlewares/Third_Party/FreeRTOS/Source/portable/GCC/ARM_CM4F/port.o
 .debug_info    0x0000000000017dd6      0xbea Middlewares/Third_Party/FreeRTOS/Source/portable/MemMang/heap_4.o
 .debug_info    0x00000000000189c0      0x483 Src/freertos.o
 .debug_info    0x0000000000018e43     0x2c85 Src/main.o
 .debug_info    0x000000000001bac8     0x1a1d Src/stm32l4xx_hal_msp.o
 .debug_info    0x000000000001d4e5      0xd6b Src/stm32l4xx_hal_timebase_tim.o
 .debug_info    0x000000000001e250      0xabe Src/stm32l4xx_it.o
 .debug_info    0x000000000001ed0e      0x727 Src/system_stm32l4xx.o
 .debug_info    0x000000000001f435       0x22 Startup/startup_stm32l475vgtx.o

.debug_abbrev   0x0000000000000000     0x3c03
 .debug_abbrev  0x0000000000000000      0x26f Drivers/BSP/B-L475E-IOT01/stm32l475e_iot01.o
 .debug_abbrev  0x000000000000026f      0x15f Drivers/BSP/B-L475E-IOT01/stm32l475e_iot01_accelero.o
 .debug_abbrev  0x00000000000003ce      0x194 Drivers/BSP/Components/lsm6dsl/lsm6dsl.o
 .debug_abbrev  0x0000000000000562      0x1fb Drivers/STM32L4xx_HAL_Driver/Src/stm32l4xx_hal.o
 .debug_abbrev  0x000000000000075d      0x2fa Drivers/STM32L4xx_HAL_Driver/Src/stm32l4xx_hal_cortex.o
 .debug_abbrev  0x0000000000000a57      0x1cc Drivers/STM32L4xx_HAL_Driver/Src/stm32l4xx_hal_dac.o
 .debug_abbrev  0x0000000000000c23      0x22f Drivers/STM32L4xx_HAL_Driver/Src/stm32l4xx_hal_dac_ex.o
 .debug_abbrev  0x0000000000000e52      0x1d9 Drivers/STM32L4xx_HAL_Driver/Src/stm32l4xx_hal_dma.o
 .debug_abbrev  0x000000000000102b      0x1c0 Drivers/STM32L4xx_HAL_Driver/Src/stm32l4xx_hal_gpio.o
 .debug_abbrev  0x00000000000011eb      0x22a Drivers/STM32L4xx_HAL_Driver/Src/stm32l4xx_hal_i2c.o
 .debug_abbrev  0x0000000000001415      0x1b9 Drivers/STM32L4xx_HAL_Driver/Src/stm32l4xx_hal_i2c_ex.o
 .debug_abbrev  0x00000000000015ce      0x1cb Drivers/STM32L4xx_HAL_Driver/Src/stm32l4xx_hal_pwr_ex.o
 .debug_abbrev  0x0000000000001799      0x21f Drivers/STM32L4xx_HAL_Driver/Src/stm32l4xx_hal_qspi.o
 .debug_abbrev  0x00000000000019b8      0x245 Drivers/STM32L4xx_HAL_Driver/Src/stm32l4xx_hal_rcc.o
 .debug_abbrev  0x0000000000001bfd      0x238 Drivers/STM32L4xx_HAL_Driver/Src/stm32l4xx_hal_rcc_ex.o
 .debug_abbrev  0x0000000000001e35      0x230 Drivers/STM32L4xx_HAL_Driver/Src/stm32l4xx_hal_tim.o
 .debug_abbrev  0x0000000000002065      0x236 Drivers/STM32L4xx_HAL_Driver/Src/stm32l4xx_hal_tim_ex.o
 .debug_abbrev  0x000000000000229b      0x205 Drivers/STM32L4xx_HAL_Driver/Src/stm32l4xx_hal_uart.o
 .debug_abbrev  0x00000000000024a0      0x386 Middlewares/Third_Party/FreeRTOS/Source/CMSIS_RTOS/cmsis_os.o
 .debug_abbrev  0x0000000000002826      0x1cf Middlewares/Third_Party/FreeRTOS/Source/list.o
 .debug_abbrev  0x00000000000029f5      0x338 Middlewares/Third_Party/FreeRTOS/Source/tasks.o
 .debug_abbrev  0x0000000000002d2d      0x210 Middlewares/Third_Party/FreeRTOS/Source/portable/GCC/ARM_CM4F/port.o
 .debug_abbrev  0x0000000000002f3d      0x29e Middlewares/Third_Party/FreeRTOS/Source/portable/MemMang/heap_4.o
 .debug_abbrev  0x00000000000031db      0x125 Src/freertos.o
 .debug_abbrev  0x0000000000003300      0x2c1 Src/main.o
 .debug_abbrev  0x00000000000035c1      0x1e9 Src/stm32l4xx_hal_msp.o
 .debug_abbrev  0x00000000000037aa      0x19d Src/stm32l4xx_hal_timebase_tim.o
 .debug_abbrev  0x0000000000003947      0x15a Src/stm32l4xx_it.o
 .debug_abbrev  0x0000000000003aa1      0x150 Src/system_stm32l4xx.o
 .debug_abbrev  0x0000000000003bf1       0x12 Startup/startup_stm32l475vgtx.o

.debug_aranges  0x0000000000000000     0x1b08
 .debug_aranges
                0x0000000000000000      0x130 Drivers/BSP/B-L475E-IOT01/stm32l475e_iot01.o
 .debug_aranges
                0x0000000000000130       0x38 Drivers/BSP/B-L475E-IOT01/stm32l475e_iot01_accelero.o
 .debug_aranges
                0x0000000000000168       0x68 Drivers/BSP/Components/lsm6dsl/lsm6dsl.o
 .debug_aranges
                0x00000000000001d0      0x130 Drivers/STM32L4xx_HAL_Driver/Src/stm32l4xx_hal.o
 .debug_aranges
                0x0000000000000300      0x118 Drivers/STM32L4xx_HAL_Driver/Src/stm32l4xx_hal_cortex.o
 .debug_aranges
                0x0000000000000418       0xc0 Drivers/STM32L4xx_HAL_Driver/Src/stm32l4xx_hal_dac.o
 .debug_aranges
                0x00000000000004d8       0x88 Drivers/STM32L4xx_HAL_Driver/Src/stm32l4xx_hal_dac_ex.o
 .debug_aranges
                0x0000000000000560       0x80 Drivers/STM32L4xx_HAL_Driver/Src/stm32l4xx_hal_dma.o
 .debug_aranges
                0x00000000000005e0       0x58 Drivers/STM32L4xx_HAL_Driver/Src/stm32l4xx_hal_gpio.o
 .debug_aranges
                0x0000000000000638      0x290 Drivers/STM32L4xx_HAL_Driver/Src/stm32l4xx_hal_i2c.o
 .debug_aranges
                0x00000000000008c8       0x48 Drivers/STM32L4xx_HAL_Driver/Src/stm32l4xx_hal_i2c_ex.o
 .debug_aranges
                0x0000000000000910      0x150 Drivers/STM32L4xx_HAL_Driver/Src/stm32l4xx_hal_pwr_ex.o
 .debug_aranges
                0x0000000000000a60      0x160 Drivers/STM32L4xx_HAL_Driver/Src/stm32l4xx_hal_qspi.o
 .debug_aranges
                0x0000000000000bc0       0x88 Drivers/STM32L4xx_HAL_Driver/Src/stm32l4xx_hal_rcc.o
 .debug_aranges
                0x0000000000000c48       0xc0 Drivers/STM32L4xx_HAL_Driver/Src/stm32l4xx_hal_rcc_ex.o
 .debug_aranges
                0x0000000000000d08      0x3e0 Drivers/STM32L4xx_HAL_Driver/Src/stm32l4xx_hal_tim.o
 .debug_aranges
                0x00000000000010e8      0x180 Drivers/STM32L4xx_HAL_Driver/Src/stm32l4xx_hal_tim_ex.o
 .debug_aranges
                0x0000000000001268      0x210 Drivers/STM32L4xx_HAL_Driver/Src/stm32l4xx_hal_uart.o
 .debug_aranges
                0x0000000000001478      0x1d8 Middlewares/Third_Party/FreeRTOS/Source/CMSIS_RTOS/cmsis_os.o
 .debug_aranges
                0x0000000000001650       0x40 Middlewares/Third_Party/FreeRTOS/Source/list.o
 .debug_aranges
                0x0000000000001690      0x1a8 Middlewares/Third_Party/FreeRTOS/Source/tasks.o
 .debug_aranges
                0x0000000000001838       0x80 Middlewares/Third_Party/FreeRTOS/Source/portable/GCC/ARM_CM4F/port.o
 .debug_aranges
                0x00000000000018b8       0x50 Middlewares/Third_Party/FreeRTOS/Source/portable/MemMang/heap_4.o
 .debug_aranges
                0x0000000000001908       0x20 Src/freertos.o
 .debug_aranges
                0x0000000000001928       0x88 Src/main.o
 .debug_aranges
                0x00000000000019b0       0x70 Src/stm32l4xx_hal_msp.o
 .debug_aranges
                0x0000000000001a20       0x30 Src/stm32l4xx_hal_timebase_tim.o
 .debug_aranges
                0x0000000000001a50       0x68 Src/stm32l4xx_it.o
 .debug_aranges
                0x0000000000001ab8       0x28 Src/system_stm32l4xx.o
 .debug_aranges
                0x0000000000001ae0       0x28 Startup/startup_stm32l475vgtx.o

.debug_ranges   0x0000000000000000     0x1930
 .debug_ranges  0x0000000000000000      0x120 Drivers/BSP/B-L475E-IOT01/stm32l475e_iot01.o
 .debug_ranges  0x0000000000000120       0x28 Drivers/BSP/B-L475E-IOT01/stm32l475e_iot01_accelero.o
 .debug_ranges  0x0000000000000148       0x58 Drivers/BSP/Components/lsm6dsl/lsm6dsl.o
 .debug_ranges  0x00000000000001a0      0x120 Drivers/STM32L4xx_HAL_Driver/Src/stm32l4xx_hal.o
 .debug_ranges  0x00000000000002c0      0x108 Drivers/STM32L4xx_HAL_Driver/Src/stm32l4xx_hal_cortex.o
 .debug_ranges  0x00000000000003c8       0xb0 Drivers/STM32L4xx_HAL_Driver/Src/stm32l4xx_hal_dac.o
 .debug_ranges  0x0000000000000478       0x78 Drivers/STM32L4xx_HAL_Driver/Src/stm32l4xx_hal_dac_ex.o
 .debug_ranges  0x00000000000004f0       0x70 Drivers/STM32L4xx_HAL_Driver/Src/stm32l4xx_hal_dma.o
 .debug_ranges  0x0000000000000560       0x48 Drivers/STM32L4xx_HAL_Driver/Src/stm32l4xx_hal_gpio.o
 .debug_ranges  0x00000000000005a8      0x280 Drivers/STM32L4xx_HAL_Driver/Src/stm32l4xx_hal_i2c.o
 .debug_ranges  0x0000000000000828       0x38 Drivers/STM32L4xx_HAL_Driver/Src/stm32l4xx_hal_i2c_ex.o
 .debug_ranges  0x0000000000000860      0x140 Drivers/STM32L4xx_HAL_Driver/Src/stm32l4xx_hal_pwr_ex.o
 .debug_ranges  0x00000000000009a0      0x150 Drivers/STM32L4xx_HAL_Driver/Src/stm32l4xx_hal_qspi.o
 .debug_ranges  0x0000000000000af0       0x78 Drivers/STM32L4xx_HAL_Driver/Src/stm32l4xx_hal_rcc.o
 .debug_ranges  0x0000000000000b68       0xb0 Drivers/STM32L4xx_HAL_Driver/Src/stm32l4xx_hal_rcc_ex.o
 .debug_ranges  0x0000000000000c18      0x3d0 Drivers/STM32L4xx_HAL_Driver/Src/stm32l4xx_hal_tim.o
 .debug_ranges  0x0000000000000fe8      0x170 Drivers/STM32L4xx_HAL_Driver/Src/stm32l4xx_hal_tim_ex.o
 .debug_ranges  0x0000000000001158      0x200 Drivers/STM32L4xx_HAL_Driver/Src/stm32l4xx_hal_uart.o
 .debug_ranges  0x0000000000001358      0x1c8 Middlewares/Third_Party/FreeRTOS/Source/CMSIS_RTOS/cmsis_os.o
 .debug_ranges  0x0000000000001520       0x30 Middlewares/Third_Party/FreeRTOS/Source/list.o
 .debug_ranges  0x0000000000001550      0x198 Middlewares/Third_Party/FreeRTOS/Source/tasks.o
 .debug_ranges  0x00000000000016e8       0x70 Middlewares/Third_Party/FreeRTOS/Source/portable/GCC/ARM_CM4F/port.o
 .debug_ranges  0x0000000000001758       0x40 Middlewares/Third_Party/FreeRTOS/Source/portable/MemMang/heap_4.o
 .debug_ranges  0x0000000000001798       0x10 Src/freertos.o
 .debug_ranges  0x00000000000017a8       0x78 Src/main.o
 .debug_ranges  0x0000000000001820       0x60 Src/stm32l4xx_hal_msp.o
 .debug_ranges  0x0000000000001880       0x20 Src/stm32l4xx_hal_timebase_tim.o
 .debug_ranges  0x00000000000018a0       0x58 Src/stm32l4xx_it.o
 .debug_ranges  0x00000000000018f8       0x18 Src/system_stm32l4xx.o
 .debug_ranges  0x0000000000001910       0x20 Startup/startup_stm32l475vgtx.o

.debug_macro    0x0000000000000000    0x2a7df
 .debug_macro   0x0000000000000000      0x224 Drivers/BSP/B-L475E-IOT01/stm32l475e_iot01.o
 .debug_macro   0x0000000000000224      0xa5a Drivers/BSP/B-L475E-IOT01/stm32l475e_iot01.o
 .debug_macro   0x0000000000000c7e      0x1b9 Drivers/BSP/B-L475E-IOT01/stm32l475e_iot01.o
 .debug_macro   0x0000000000000e37       0x2e Drivers/BSP/B-L475E-IOT01/stm32l475e_iot01.o
 .debug_macro   0x0000000000000e65       0x28 Drivers/BSP/B-L475E-IOT01/stm32l475e_iot01.o
 .debug_macro   0x0000000000000e8d       0x22 Drivers/BSP/B-L475E-IOT01/stm32l475e_iot01.o
 .debug_macro   0x0000000000000eaf       0x8e Drivers/BSP/B-L475E-IOT01/stm32l475e_iot01.o
 .debug_macro   0x0000000000000f3d       0x51 Drivers/BSP/B-L475E-IOT01/stm32l475e_iot01.o
 .debug_macro   0x0000000000000f8e       0xef Drivers/BSP/B-L475E-IOT01/stm32l475e_iot01.o
 .debug_macro   0x000000000000107d       0x6a Drivers/BSP/B-L475E-IOT01/stm32l475e_iot01.o
 .debug_macro   0x00000000000010e7      0x1df Drivers/BSP/B-L475E-IOT01/stm32l475e_iot01.o
 .debug_macro   0x00000000000012c6       0x1c Drivers/BSP/B-L475E-IOT01/stm32l475e_iot01.o
 .debug_macro   0x00000000000012e2       0x22 Drivers/BSP/B-L475E-IOT01/stm32l475e_iot01.o
 .debug_macro   0x0000000000001304      0x101 Drivers/BSP/B-L475E-IOT01/stm32l475e_iot01.o
 .debug_macro   0x0000000000001405     0x1011 Drivers/BSP/B-L475E-IOT01/stm32l475e_iot01.o
 .debug_macro   0x0000000000002416      0x11f Drivers/BSP/B-L475E-IOT01/stm32l475e_iot01.o
 .debug_macro   0x0000000000002535    0x19db6 Drivers/BSP/B-L475E-IOT01/stm32l475e_iot01.o
 .debug_macro   0x000000000001c2eb       0x43 Drivers/BSP/B-L475E-IOT01/stm32l475e_iot01.o
 .debug_macro   0x000000000001c32e     0x3890 Drivers/BSP/B-L475E-IOT01/stm32l475e_iot01.o
 .debug_macro   0x000000000001fbbe      0x174 Drivers/BSP/B-L475E-IOT01/stm32l475e_iot01.o
 .debug_macro   0x000000000001fd32       0x5c Drivers/BSP/B-L475E-IOT01/stm32l475e_iot01.o
 .debug_macro   0x000000000001fd8e     0x1519 Drivers/BSP/B-L475E-IOT01/stm32l475e_iot01.o
 .debug_macro   0x00000000000212a7      0x59e Drivers/BSP/B-L475E-IOT01/stm32l475e_iot01.o
 .debug_macro   0x0000000000021845      0x13d Drivers/BSP/B-L475E-IOT01/stm32l475e_iot01.o
 .debug_macro   0x0000000000021982      0x17d Drivers/BSP/B-L475E-IOT01/stm32l475e_iot01.o
 .debug_macro   0x0000000000021aff      0x26b Drivers/BSP/B-L475E-IOT01/stm32l475e_iot01.o
 .debug_macro   0x0000000000021d6a      0x23d Drivers/BSP/B-L475E-IOT01/stm32l475e_iot01.o
 .debug_macro   0x0000000000021fa7      0x153 Drivers/BSP/B-L475E-IOT01/stm32l475e_iot01.o
 .debug_macro   0x00000000000220fa       0xd8 Drivers/BSP/B-L475E-IOT01/stm32l475e_iot01.o
 .debug_macro   0x00000000000221d2      0x241 Drivers/BSP/B-L475E-IOT01/stm32l475e_iot01.o
 .debug_macro   0x0000000000022413      0x37c Drivers/BSP/B-L475E-IOT01/stm32l475e_iot01.o
 .debug_macro   0x000000000002278f       0xd6 Drivers/BSP/B-L475E-IOT01/stm32l475e_iot01.o
 .debug_macro   0x0000000000022865      0x22c Drivers/BSP/B-L475E-IOT01/stm32l475e_iot01.o
 .debug_macro   0x0000000000022a91       0x61 Drivers/BSP/B-L475E-IOT01/stm32l475e_iot01.o
 .debug_macro   0x0000000000022af2       0xa5 Drivers/BSP/B-L475E-IOT01/stm32l475e_iot01.o
 .debug_macro   0x0000000000022b97      0x122 Drivers/BSP/B-L475E-IOT01/stm32l475e_iot01.o
 .debug_macro   0x0000000000022cb9      0x3e9 Drivers/BSP/B-L475E-IOT01/stm32l475e_iot01.o
 .debug_macro   0x00000000000230a2      0x2a3 Drivers/BSP/B-L475E-IOT01/stm32l475e_iot01.o
 .debug_macro   0x0000000000023345      0xa75 Drivers/BSP/B-L475E-IOT01/stm32l475e_iot01.o
 .debug_macro   0x0000000000023dba      0x1e7 Drivers/BSP/B-L475E-IOT01/stm32l475e_iot01.o
 .debug_macro   0x0000000000023fa1      0x59e Drivers/BSP/B-L475E-IOT01/stm32l475e_iot01.o
 .debug_macro   0x000000000002453f       0x44 Drivers/BSP/B-L475E-IOT01/stm32l475e_iot01.o
 .debug_macro   0x0000000000024583      0x331 Drivers/BSP/B-L475E-IOT01/stm32l475e_iot01.o
 .debug_macro   0x00000000000248b4      0x1ba Drivers/BSP/B-L475E-IOT01/stm32l475e_iot01.o
 .debug_macro   0x0000000000024a6e      0x233 Drivers/BSP/B-L475E-IOT01/stm32l475e_iot01_accelero.o
 .debug_macro   0x0000000000024ca1      0x428 Drivers/BSP/B-L475E-IOT01/stm32l475e_iot01_accelero.o
 .debug_macro   0x00000000000250c9       0x86 Drivers/BSP/Components/lsm6dsl/lsm6dsl.o
 .debug_macro   0x000000000002514f      0x245 Drivers/STM32L4xx_HAL_Driver/Src/stm32l4xx_hal.o
 .debug_macro   0x0000000000025394      0x1f7 Drivers/STM32L4xx_HAL_Driver/Src/stm32l4xx_hal_cortex.o
 .debug_macro   0x000000000002558b      0x206 Drivers/STM32L4xx_HAL_Driver/Src/stm32l4xx_hal_dac.o
 .debug_macro   0x0000000000025791      0x1f7 Drivers/STM32L4xx_HAL_Driver/Src/stm32l4xx_hal_dac_ex.o
 .debug_macro   0x0000000000025988      0x1f7 Drivers/STM32L4xx_HAL_Driver/Src/stm32l4xx_hal_dma.o
 .debug_macro   0x0000000000025b7f      0x236 Drivers/STM32L4xx_HAL_Driver/Src/stm32l4xx_hal_gpio.o
 .debug_macro   0x0000000000025db5      0x2bc Drivers/STM32L4xx_HAL_Driver/Src/stm32l4xx_hal_i2c.o
 .debug_macro   0x0000000000026071      0x1f7 Drivers/STM32L4xx_HAL_Driver/Src/stm32l4xx_hal_i2c_ex.o
 .debug_macro   0x0000000000026268      0x21b Drivers/STM32L4xx_HAL_Driver/Src/stm32l4xx_hal_pwr_ex.o
 .debug_macro   0x0000000000026483      0x21b Drivers/STM32L4xx_HAL_Driver/Src/stm32l4xx_hal_qspi.o
 .debug_macro   0x000000000002669e      0x239 Drivers/STM32L4xx_HAL_Driver/Src/stm32l4xx_hal_rcc.o
 .debug_macro   0x00000000000268d7      0x22d Drivers/STM32L4xx_HAL_Driver/Src/stm32l4xx_hal_rcc_ex.o
 .debug_macro   0x0000000000026b04      0x1f8 Drivers/STM32L4xx_HAL_Driver/Src/stm32l4xx_hal_tim.o
 .debug_macro   0x0000000000026cfc      0x1f7 Drivers/STM32L4xx_HAL_Driver/Src/stm32l4xx_hal_tim_ex.o
 .debug_macro   0x0000000000026ef3      0x222 Drivers/STM32L4xx_HAL_Driver/Src/stm32l4xx_hal_uart.o
 .debug_macro   0x0000000000027115      0x1f1 Middlewares/Third_Party/FreeRTOS/Source/CMSIS_RTOS/cmsis_os.o
 .debug_macro   0x0000000000027306       0x40 Middlewares/Third_Party/FreeRTOS/Source/CMSIS_RTOS/cmsis_os.o
 .debug_macro   0x0000000000027346       0x18 Middlewares/Third_Party/FreeRTOS/Source/CMSIS_RTOS/cmsis_os.o
 .debug_macro   0x000000000002735e       0x94 Middlewares/Third_Party/FreeRTOS/Source/CMSIS_RTOS/cmsis_os.o
 .debug_macro   0x00000000000273f2       0x3c Middlewares/Third_Party/FreeRTOS/Source/CMSIS_RTOS/cmsis_os.o
 .debug_macro   0x000000000002742e       0x34 Middlewares/Third_Party/FreeRTOS/Source/CMSIS_RTOS/cmsis_os.o
 .debug_macro   0x0000000000027462       0x57 Middlewares/Third_Party/FreeRTOS/Source/CMSIS_RTOS/cmsis_os.o
 .debug_macro   0x00000000000274b9       0x52 Middlewares/Third_Party/FreeRTOS/Source/CMSIS_RTOS/cmsis_os.o
 .debug_macro   0x000000000002750b       0x1f Middlewares/Third_Party/FreeRTOS/Source/CMSIS_RTOS/cmsis_os.o
 .debug_macro   0x000000000002752a       0x43 Middlewares/Third_Party/FreeRTOS/Source/CMSIS_RTOS/cmsis_os.o
 .debug_macro   0x000000000002756d       0x20 Middlewares/Third_Party/FreeRTOS/Source/CMSIS_RTOS/cmsis_os.o
 .debug_macro   0x000000000002758d      0x1a3 Middlewares/Third_Party/FreeRTOS/Source/CMSIS_RTOS/cmsis_os.o
 .debug_macro   0x0000000000027730      0x330 Middlewares/Third_Party/FreeRTOS/Source/CMSIS_RTOS/cmsis_os.o
 .debug_macro   0x0000000000027a60       0x10 Middlewares/Third_Party/FreeRTOS/Source/CMSIS_RTOS/cmsis_os.o
 .debug_macro   0x0000000000027a70       0x35 Middlewares/Third_Party/FreeRTOS/Source/CMSIS_RTOS/cmsis_os.o
 .debug_macro   0x0000000000027aa5       0x20 Middlewares/Third_Party/FreeRTOS/Source/CMSIS_RTOS/cmsis_os.o
 .debug_macro   0x0000000000027ac5       0xea Middlewares/Third_Party/FreeRTOS/Source/CMSIS_RTOS/cmsis_os.o
 .debug_macro   0x0000000000027baf      0x15a Middlewares/Third_Party/FreeRTOS/Source/CMSIS_RTOS/cmsis_os.o
 .debug_macro   0x0000000000027d09       0xde Middlewares/Third_Party/FreeRTOS/Source/CMSIS_RTOS/cmsis_os.o
 .debug_macro   0x0000000000027de7       0x1c Middlewares/Third_Party/FreeRTOS/Source/CMSIS_RTOS/cmsis_os.o
 .debug_macro   0x0000000000027e03       0x26 Middlewares/Third_Party/FreeRTOS/Source/CMSIS_RTOS/cmsis_os.o
 .debug_macro   0x0000000000027e29      0x4e8 Middlewares/Third_Party/FreeRTOS/Source/CMSIS_RTOS/cmsis_os.o
 .debug_macro   0x0000000000028311       0xb5 Middlewares/Third_Party/FreeRTOS/Source/CMSIS_RTOS/cmsis_os.o
 .debug_macro   0x00000000000283c6       0xaa Middlewares/Third_Party/FreeRTOS/Source/CMSIS_RTOS/cmsis_os.o
 .debug_macro   0x0000000000028470       0x91 Middlewares/Third_Party/FreeRTOS/Source/CMSIS_RTOS/cmsis_os.o
 .debug_macro   0x0000000000028501       0x8d Middlewares/Third_Party/FreeRTOS/Source/CMSIS_RTOS/cmsis_os.o
 .debug_macro   0x000000000002858e       0x7e Middlewares/Third_Party/FreeRTOS/Source/CMSIS_RTOS/cmsis_os.o
 .debug_macro   0x000000000002860c       0x19 Middlewares/Third_Party/FreeRTOS/Source/CMSIS_RTOS/cmsis_os.o
 .debug_macro   0x0000000000028625       0xf2 Middlewares/Third_Party/FreeRTOS/Source/CMSIS_RTOS/cmsis_os.o
 .debug_macro   0x0000000000028717       0xe9 Middlewares/Third_Party/FreeRTOS/Source/CMSIS_RTOS/cmsis_os.o
 .debug_macro   0x0000000000028800      0x17a Middlewares/Third_Party/FreeRTOS/Source/list.o
 .debug_macro   0x000000000002897a      0x26c Middlewares/Third_Party/FreeRTOS/Source/tasks.o
 .debug_macro   0x0000000000028be6       0x10 Middlewares/Third_Party/FreeRTOS/Source/tasks.o
 .debug_macro   0x0000000000028bf6      0x196 Middlewares/Third_Party/FreeRTOS/Source/portable/GCC/ARM_CM4F/port.o
 .debug_macro   0x0000000000028d8c      0x1a1 Middlewares/Third_Party/FreeRTOS/Source/portable/MemMang/heap_4.o
 .debug_macro   0x0000000000028f2d      0x26e Src/freertos.o
 .debug_macro   0x000000000002919b       0x2e Src/freertos.o
 .debug_macro   0x00000000000291c9      0x479 Src/main.o
 .debug_macro   0x0000000000029642       0xea Src/main.o
 .debug_macro   0x000000000002972c       0x16 Src/main.o
 .debug_macro   0x0000000000029742      0x32a Src/main.o
 .debug_macro   0x0000000000029a6c       0x10 Src/main.o
 .debug_macro   0x0000000000029a7c       0x10 Src/main.o
 .debug_macro   0x0000000000029a8c       0x1c Src/main.o
 .debug_macro   0x0000000000029aa8       0x52 Src/main.o
 .debug_macro   0x0000000000029afa       0x40 Src/main.o
 .debug_macro   0x0000000000029b3a       0x10 Src/main.o
 .debug_macro   0x0000000000029b4a       0x40 Src/main.o
 .debug_macro   0x0000000000029b8a       0xd7 Src/main.o
 .debug_macro   0x0000000000029c61       0x1c Src/main.o
 .debug_macro   0x0000000000029c7d       0x3d Src/main.o
 .debug_macro   0x0000000000029cba       0x16 Src/main.o
 .debug_macro   0x0000000000029cd0      0x145 Src/main.o
 .debug_macro   0x0000000000029e15      0x1c0 Src/main.o
 .debug_macro   0x0000000000029fd5      0x206 Src/stm32l4xx_hal_msp.o
 .debug_macro   0x000000000002a1db      0x1f7 Src/stm32l4xx_hal_timebase_tim.o
 .debug_macro   0x000000000002a3d2      0x210 Src/stm32l4xx_it.o
 .debug_macro   0x000000000002a5e2      0x1fd Src/system_stm32l4xx.o

.debug_line     0x0000000000000000    0x15c41
 .debug_line    0x0000000000000000      0xa60 Drivers/BSP/B-L475E-IOT01/stm32l475e_iot01.o
 .debug_line    0x0000000000000a60      0x858 Drivers/BSP/B-L475E-IOT01/stm32l475e_iot01_accelero.o
 .debug_line    0x00000000000012b8      0x520 Drivers/BSP/Components/lsm6dsl/lsm6dsl.o
 .debug_line    0x00000000000017d8      0x9d8 Drivers/STM32L4xx_HAL_Driver/Src/stm32l4xx_hal.o
 .debug_line    0x00000000000021b0      0xa60 Drivers/STM32L4xx_HAL_Driver/Src/stm32l4xx_hal_cortex.o
 .debug_line    0x0000000000002c10      0x997 Drivers/STM32L4xx_HAL_Driver/Src/stm32l4xx_hal_dac.o
 .debug_line    0x00000000000035a7      0x8ff Drivers/STM32L4xx_HAL_Driver/Src/stm32l4xx_hal_dac_ex.o
 .debug_line    0x0000000000003ea6      0x95b Drivers/STM32L4xx_HAL_Driver/Src/stm32l4xx_hal_dma.o
 .debug_line    0x0000000000004801      0x8f3 Drivers/STM32L4xx_HAL_Driver/Src/stm32l4xx_hal_gpio.o
 .debug_line    0x00000000000050f4     0x1b1a Drivers/STM32L4xx_HAL_Driver/Src/stm32l4xx_hal_i2c.o
 .debug_line    0x0000000000006c0e      0x87b Drivers/STM32L4xx_HAL_Driver/Src/stm32l4xx_hal_i2c_ex.o
 .debug_line    0x0000000000007489      0xaec Drivers/STM32L4xx_HAL_Driver/Src/stm32l4xx_hal_pwr_ex.o
 .debug_line    0x0000000000007f75      0xd84 Drivers/STM32L4xx_HAL_Driver/Src/stm32l4xx_hal_qspi.o
 .debug_line    0x0000000000008cf9      0xa4f Drivers/STM32L4xx_HAL_Driver/Src/stm32l4xx_hal_rcc.o
 .debug_line    0x0000000000009748      0xce5 Drivers/STM32L4xx_HAL_Driver/Src/stm32l4xx_hal_rcc_ex.o
 .debug_line    0x000000000000a42d     0x27f8 Drivers/STM32L4xx_HAL_Driver/Src/stm32l4xx_hal_tim.o
 .debug_line    0x000000000000cc25     0x15c8 Drivers/STM32L4xx_HAL_Driver/Src/stm32l4xx_hal_tim_ex.o
 .debug_line    0x000000000000e1ed     0x12e7 Drivers/STM32L4xx_HAL_Driver/Src/stm32l4xx_hal_uart.o
 .debug_line    0x000000000000f4d4      0xcbb Middlewares/Third_Party/FreeRTOS/Source/CMSIS_RTOS/cmsis_os.o
 .debug_line    0x000000000001018f      0x667 Middlewares/Third_Party/FreeRTOS/Source/list.o
 .debug_line    0x00000000000107f6     0x112e Middlewares/Third_Party/FreeRTOS/Source/tasks.o
 .debug_line    0x0000000000011924      0x69e Middlewares/Third_Party/FreeRTOS/Source/portable/GCC/ARM_CM4F/port.o
 .debug_line    0x0000000000011fc2      0x74d Middlewares/Third_Party/FreeRTOS/Source/portable/MemMang/heap_4.o
 .debug_line    0x000000000001270f      0x82c Src/freertos.o
 .debug_line    0x0000000000012f3b      0xdab Src/main.o
 .debug_line    0x0000000000013ce6      0x82a Src/stm32l4xx_hal_msp.o
 .debug_line    0x0000000000014510      0x766 Src/stm32l4xx_hal_timebase_tim.o
 .debug_line    0x0000000000014c76      0x7ec Src/stm32l4xx_it.o
 .debug_line    0x0000000000015462      0x75d Src/system_stm32l4xx.o
 .debug_line    0x0000000000015bbf       0x82 Startup/startup_stm32l475vgtx.o

.debug_str      0x0000000000000000   0x102cdb
 .debug_str     0x0000000000000000    0xeeb9e Drivers/BSP/B-L475E-IOT01/stm32l475e_iot01.o
                                      0xef02e (size before relaxing)
 .debug_str     0x00000000000eeb9e     0x18d3 Drivers/BSP/B-L475E-IOT01/stm32l475e_iot01_accelero.o
                                      0xef680 (size before relaxing)
 .debug_str     0x00000000000f0471      0x124 Drivers/BSP/Components/lsm6dsl/lsm6dsl.o
                                       0x5496 (size before relaxing)
 .debug_str     0x00000000000f0595      0x5a2 Drivers/STM32L4xx_HAL_Driver/Src/stm32l4xx_hal.o
                                      0xedd7c (size before relaxing)
 .debug_str     0x00000000000f0b37      0x3ca Drivers/STM32L4xx_HAL_Driver/Src/stm32l4xx_hal_cortex.o
                                      0xedaec (size before relaxing)
 .debug_str     0x00000000000f0f01      0x436 Drivers/STM32L4xx_HAL_Driver/Src/stm32l4xx_hal_dac.o
                                      0xed6d7 (size before relaxing)
 .debug_str     0x00000000000f1337      0x1e8 Drivers/STM32L4xx_HAL_Driver/Src/stm32l4xx_hal_dac_ex.o
                                      0xed68c (size before relaxing)
 .debug_str     0x00000000000f151f      0x253 Drivers/STM32L4xx_HAL_Driver/Src/stm32l4xx_hal_dma.o
                                      0xed4f9 (size before relaxing)
 .debug_str     0x00000000000f1772      0x228 Drivers/STM32L4xx_HAL_Driver/Src/stm32l4xx_hal_gpio.o
                                      0xed520 (size before relaxing)
 .debug_str     0x00000000000f199a      0xd4f Drivers/STM32L4xx_HAL_Driver/Src/stm32l4xx_hal_i2c.o
                                      0xee3b2 (size before relaxing)
 .debug_str     0x00000000000f26e9       0xb8 Drivers/STM32L4xx_HAL_Driver/Src/stm32l4xx_hal_i2c_ex.o
                                      0xed7aa (size before relaxing)
 .debug_str     0x00000000000f27a1      0x4af Drivers/STM32L4xx_HAL_Driver/Src/stm32l4xx_hal_pwr_ex.o
                                      0xed7bc (size before relaxing)
 .debug_str     0x00000000000f2c50      0x86a Drivers/STM32L4xx_HAL_Driver/Src/stm32l4xx_hal_qspi.o
                                      0xedb80 (size before relaxing)
 .debug_str     0x00000000000f34ba      0x512 Drivers/STM32L4xx_HAL_Driver/Src/stm32l4xx_hal_rcc.o
                                      0xed863 (size before relaxing)
 .debug_str     0x00000000000f39cc      0x600 Drivers/STM32L4xx_HAL_Driver/Src/stm32l4xx_hal_rcc_ex.o
                                      0xed9f4 (size before relaxing)
 .debug_str     0x00000000000f3fcc     0x10f1 Drivers/STM32L4xx_HAL_Driver/Src/stm32l4xx_hal_tim.o
                                      0xee529 (size before relaxing)
 .debug_str     0x00000000000f50bd      0x684 Drivers/STM32L4xx_HAL_Driver/Src/stm32l4xx_hal_tim_ex.o
                                      0xede1d (size before relaxing)
 .debug_str     0x00000000000f5741      0x855 Drivers/STM32L4xx_HAL_Driver/Src/stm32l4xx_hal_uart.o
                                      0xede58 (size before relaxing)
 .debug_str     0x00000000000f5f96     0x9858 Middlewares/Third_Party/FreeRTOS/Source/CMSIS_RTOS/cmsis_os.o
                                       0xe1f7 (size before relaxing)
 .debug_str     0x00000000000ff7ee      0x219 Middlewares/Third_Party/FreeRTOS/Source/list.o
                                       0xa767 (size before relaxing)
 .debug_str     0x00000000000ffa07     0x120f Middlewares/Third_Party/FreeRTOS/Source/tasks.o
                                       0xc988 (size before relaxing)
 .debug_str     0x0000000000100c16      0x803 Middlewares/Third_Party/FreeRTOS/Source/portable/GCC/ARM_CM4F/port.o
                                       0x8530 (size before relaxing)
 .debug_str     0x0000000000101419      0x25a Middlewares/Third_Party/FreeRTOS/Source/portable/MemMang/heap_4.o
                                       0xaf5a (size before relaxing)
 .debug_str     0x0000000000101673      0x13c Src/freertos.o
                                      0xf0fe0 (size before relaxing)
 .debug_str     0x00000000001017af     0x136b Src/main.o
                                      0xfb1f2 (size before relaxing)
 .debug_str     0x0000000000102b1a       0x25 Src/stm32l4xx_hal_msp.o
                                      0xee51d (size before relaxing)
 .debug_str     0x0000000000102b3f       0x50 Src/stm32l4xx_hal_timebase_tim.o
                                      0xedc95 (size before relaxing)