uart_display.h:23:6:pollInput	24	static
uart_display.h:28:6:sendWithUART	4	static
main.c:102:5:main	48	static
main.c:182:6:SystemClock_Config	232	static
main.c:239:13:MX_DAC1_Init	48	static
main.c:280:13:MX_I2C2_Init	8	static
main.c:326:13:MX_QUADSPI_Init	8	static
main.c:359:13:MX_TIM2_Init	40	static
main.c:404:13:MX_USART1_UART_Init	8	static
main.c:437:13:MX_DMA_Init	16	static
main.c:455:13:MX_GPIO_Init	48	static
main.c:498:6:testingUART	8	static
main.c:504:13:testingStart	24	static
main.c:518:6:displayInstruction	4	static
main.c:530:6:StartDefaultTask	16	static
main.c:566:6:HAL_TIM_PeriodElapsedCallback	16	static
main.c:583:6:Error_Handler	8	static,ignoring_inline_asm
